Archive member included to satisfy reference by file (symbol)

C:/Users/carlo/.pico-sdk/toolchain/13_3_Rel1/bin/../lib/gcc/arm-none-eabi/13.3.1/thumb/v6-m/nofp\libgcc.a(_dvmd_tls.o)
                              CMakeFiles/Menu_oled.dir/C_/Users/carlo/.pico-sdk/sdk/2.1.0/src/rp2_common/pico_divider/divider_hardware.S.obj (__aeabi_idiv0)
C:/Users/carlo/.pico-sdk/toolchain/13_3_Rel1/bin/../lib/gcc/arm-none-eabi/13.3.1/thumb/v6-m/nofp\libg.a(libc_a-calloc.o)
                              CMakeFiles/Menu_oled.dir/C_/Users/carlo/.pico-sdk/sdk/2.1.0/src/rp2_common/pico_malloc/malloc.c.obj (calloc)
C:/Users/carlo/.pico-sdk/toolchain/13_3_Rel1/bin/../lib/gcc/arm-none-eabi/13.3.1/thumb/v6-m/nofp\libg.a(libc_a-callocr.o)
                              C:/Users/carlo/.pico-sdk/toolchain/13_3_Rel1/bin/../lib/gcc/arm-none-eabi/13.3.1/thumb/v6-m/nofp\libg.a(libc_a-calloc.o) (_calloc_r)
C:/Users/carlo/.pico-sdk/toolchain/13_3_Rel1/bin/../lib/gcc/arm-none-eabi/13.3.1/thumb/v6-m/nofp\libg.a(libc_a-malloc.o)
                              CMakeFiles/Menu_oled.dir/C_/Users/carlo/.pico-sdk/sdk/2.1.0/src/rp2_common/pico_malloc/malloc.c.obj (malloc)
C:/Users/carlo/.pico-sdk/toolchain/13_3_Rel1/bin/../lib/gcc/arm-none-eabi/13.3.1/thumb/v6-m/nofp\libg.a(libc_a-mallocr.o)
                              C:/Users/carlo/.pico-sdk/toolchain/13_3_Rel1/bin/../lib/gcc/arm-none-eabi/13.3.1/thumb/v6-m/nofp\libg.a(libc_a-callocr.o) (_malloc_r)
C:/Users/carlo/.pico-sdk/toolchain/13_3_Rel1/bin/../lib/gcc/arm-none-eabi/13.3.1/thumb/v6-m/nofp\libg.a(libc_a-mlock.o)
                              C:/Users/carlo/.pico-sdk/toolchain/13_3_Rel1/bin/../lib/gcc/arm-none-eabi/13.3.1/thumb/v6-m/nofp\libg.a(libc_a-mallocr.o) (__malloc_lock)
C:/Users/carlo/.pico-sdk/toolchain/13_3_Rel1/bin/../lib/gcc/arm-none-eabi/13.3.1/thumb/v6-m/nofp\libg.a(libc_a-realloc.o)
                              CMakeFiles/Menu_oled.dir/C_/Users/carlo/.pico-sdk/sdk/2.1.0/src/rp2_common/pico_malloc/malloc.c.obj (realloc)
C:/Users/carlo/.pico-sdk/toolchain/13_3_Rel1/bin/../lib/gcc/arm-none-eabi/13.3.1/thumb/v6-m/nofp\libg.a(libc_a-reallocr.o)
                              C:/Users/carlo/.pico-sdk/toolchain/13_3_Rel1/bin/../lib/gcc/arm-none-eabi/13.3.1/thumb/v6-m/nofp\libg.a(libc_a-realloc.o) (_realloc_r)
C:/Users/carlo/.pico-sdk/toolchain/13_3_Rel1/bin/../lib/gcc/arm-none-eabi/13.3.1/thumb/v6-m/nofp\libg.a(libc_a-memcmp.o)
                              CMakeFiles/Menu_oled.dir/C_/Users/carlo/.pico-sdk/sdk/2.1.0/src/rp2_common/pico_atomic/atomic.c.obj (memcmp)
C:/Users/carlo/.pico-sdk/toolchain/13_3_Rel1/bin/../lib/gcc/arm-none-eabi/13.3.1/thumb/v6-m/nofp\libg.a(libc_a-memmove.o)
                              C:/Users/carlo/.pico-sdk/toolchain/13_3_Rel1/bin/../lib/gcc/arm-none-eabi/13.3.1/thumb/v6-m/nofp\libg.a(libc_a-reallocr.o) (memmove)
C:/Users/carlo/.pico-sdk/toolchain/13_3_Rel1/bin/../lib/gcc/arm-none-eabi/13.3.1/thumb/v6-m/nofp\libg.a(libc_a-lcltime_r.o)
                              CMakeFiles/Menu_oled.dir/C_/Users/carlo/.pico-sdk/sdk/2.1.0/src/common/pico_util/datetime.c.obj (localtime_r)
C:/Users/carlo/.pico-sdk/toolchain/13_3_Rel1/bin/../lib/gcc/arm-none-eabi/13.3.1/thumb/v6-m/nofp\libg.a(libc_a-mktime.o)
                              CMakeFiles/Menu_oled.dir/C_/Users/carlo/.pico-sdk/sdk/2.1.0/src/common/pico_util/datetime.c.obj (mktime)
C:/Users/carlo/.pico-sdk/toolchain/13_3_Rel1/bin/../lib/gcc/arm-none-eabi/13.3.1/thumb/v6-m/nofp\libg.a(libc_a-month_lengths.o)
                              C:/Users/carlo/.pico-sdk/toolchain/13_3_Rel1/bin/../lib/gcc/arm-none-eabi/13.3.1/thumb/v6-m/nofp\libg.a(libc_a-lcltime_r.o) (__month_lengths)
C:/Users/carlo/.pico-sdk/toolchain/13_3_Rel1/bin/../lib/gcc/arm-none-eabi/13.3.1/thumb/v6-m/nofp\libg.a(libc_a-tzcalc_limits.o)
                              C:/Users/carlo/.pico-sdk/toolchain/13_3_Rel1/bin/../lib/gcc/arm-none-eabi/13.3.1/thumb/v6-m/nofp\libg.a(libc_a-lcltime_r.o) (__tzcalc_limits)
C:/Users/carlo/.pico-sdk/toolchain/13_3_Rel1/bin/../lib/gcc/arm-none-eabi/13.3.1/thumb/v6-m/nofp\libg.a(libc_a-tzlock.o)
                              C:/Users/carlo/.pico-sdk/toolchain/13_3_Rel1/bin/../lib/gcc/arm-none-eabi/13.3.1/thumb/v6-m/nofp\libg.a(libc_a-lcltime_r.o) (__tz_lock)
C:/Users/carlo/.pico-sdk/toolchain/13_3_Rel1/bin/../lib/gcc/arm-none-eabi/13.3.1/thumb/v6-m/nofp\libg.a(libc_a-tzset.o)
                              C:/Users/carlo/.pico-sdk/toolchain/13_3_Rel1/bin/../lib/gcc/arm-none-eabi/13.3.1/thumb/v6-m/nofp\libg.a(libc_a-lcltime_r.o) (_tzset_unlocked)
C:/Users/carlo/.pico-sdk/toolchain/13_3_Rel1/bin/../lib/gcc/arm-none-eabi/13.3.1/thumb/v6-m/nofp\libg.a(libc_a-tzset_r.o)
                              C:/Users/carlo/.pico-sdk/toolchain/13_3_Rel1/bin/../lib/gcc/arm-none-eabi/13.3.1/thumb/v6-m/nofp\libg.a(libc_a-tzset.o) (_tzset_unlocked_r)
C:/Users/carlo/.pico-sdk/toolchain/13_3_Rel1/bin/../lib/gcc/arm-none-eabi/13.3.1/thumb/v6-m/nofp\libg.a(libc_a-tzvars.o)
[...]
Memory Configuration

Name             Origin             Length             Attributes
FLASH            0x10000000         0x00200000         xr
RAM              0x20000000         0x00040000         xrw
SCRATCH_X        0x20040000         0x00001000         xrw
SCRATCH_Y        0x20041000         0x00001000         xrw
*default*        0x00000000         0xffffffff

Linker script and memory map

LOAD C:/Users/carlo/.pico-sdk/toolchain/13_3_Rel1/bin/../lib/gcc/arm-none-eabi/13.3.1/thumb/v6-m/nofp/crti.o
LOAD C:/Users/carlo/.pico-sdk/toolchain/13_3_Rel1/bin/../lib/gcc/arm-none-eabi/13.3.1/thumb/v6-m/nofp/crtbegin.o
LOAD C:/Users/carlo/.pico-sdk/toolchain/13_3_Rel1/bin/../lib/gcc/arm-none-eabi/13.3.1/thumb/v6-m/nofp/crt0.o

.flash_begin    0x10000000        0x0
                0x10000000                        __flash_binary_start = .

.boot2          0x10000000      0x100
                0x10000000                        __boot2_start__ = .
 *(.boot2)
 .boot2         0x10000000      0x100 pico-sdk/src/rp2040/boot_stage2/CMakeFiles/bs2_default_library.dir/./bs2_default_padded_checksummed.S.obj
                0x10000100                        __boot2_end__ = .
                0x00000001                        ASSERT (((__boot2_end__ - __boot2_start__) == 0x100), ERROR: Pico second stage bootloader must be 256 bytes in size)

.text           0x10000100     0x7a94
                0x10000100                        __logical_binary_start = .
 *(.vectors)
 .vectors       0x10000100       0xd4 CMakeFiles/Menu_oled.dir/C_/Users/carlo/.pico-sdk/sdk/2.1.0/src/rp2_common/pico_crt0/crt0.S.obj
                0x10000100                __VECTOR_TABLE
                0x10000100                __vectors
                0x100001c0                isr_invalid
                0x100001c0                __default_isrs_start
                0x100001c2                isr_nmi
                0x100001c4                isr_hardfault
                0x100001c6                isr_svcall
                0x100001c8                isr_pendsv
                0x100001ca                isr_systick
                0x100001cc                isr_irq23
                0x100001cc                isr_irq18
                0x100001cc                isr_irq11
                0x100001cc                isr_irq28
                0x100001cc                isr_irq19
                0x100001cc                isr_irq0
                0x100001cc                isr_irq6
                0x100001cc                isr_irq5
                0x100001cc                isr_irq12
                0x100001cc                isr_irq22
                0x100001cc                isr_irq31
                0x100001cc                isr_irq17
                0x100001cc                isr_irq27
                0x100001cc                isr_irq30
                0x100001cc                isr_irq2
                0x100001cc                isr_irq10
                0x100001cc                isr_irq8
                0x100001cc                isr_irq24
                0x100001cc                isr_irq1
                0x100001cc                isr_irq7
                0x100001cc                isr_irq21
                0x100001cc                isr_irq20
                0x100001cc                isr_irq15
                0x100001cc                isr_irq25
                0x100001cc                isr_irq13
                0x100001cc                __unhandled_user_irq
                0x100001cc                isr_irq4
                0x100001cc                isr_irq16
                0x100001cc                isr_irq29
                0x100001cc                isr_irq26
                0x100001cc                __default_isrs_end
                0x100001cc                isr_irq3
                0x100001cc                isr_irq14
                0x100001cc                isr_irq9
                0x100001d2                unhandled_user_irq_num_in_r0
 *(.binary_info_header)
 .binary_info_header
                0x100001d4       0x14 CMakeFiles/Menu_oled.dir/C_/Users/carlo/.pico-sdk/sdk/2.1.0/src/rp2_common/pico_crt0/crt0.S.obj
                0x100001e8                        __binary_info_header_end = .
 *(.embedded_block)
                0x100001e8                        __embedded_block_end = .
 *(.reset)
 .reset         0x100001e8       0x9c CMakeFiles/Menu_oled.dir/C_/Users/carlo/.pico-sdk/sdk/2.1.0/src/rp2_common/pico_crt0/crt0.S.obj
                0x100001e8                _entry_point
 *(.init)
 .init          0x10000284        0x4 C:/Users/carlo/.pico-sdk/toolchain/13_3_Rel1/bin/../lib/gcc/arm-none-eabi/13.3.1/thumb/v6-m/nofp/crti.o
                0x10000284                _init
 *(EXCLUDE_FILE(*libm.a: *libc.a:*lib_a-mem*.o *libgcc.a:) .text*)
 .text.register_tm_clones
                0x10000288       0x28 C:/Users/carlo/.pico-sdk/toolchain/13_3_Rel1/bin/../lib/gcc/arm-none-eabi/13.3.1/thumb/v6-m/nofp/crtbegin.o
 .text.frame_dummy
                0x100002b0       0x24 C:/Users/carlo/.pico-sdk/toolchain/13_3_Rel1/bin/../lib/gcc/arm-none-eabi/13.3.1/thumb/v6-m/nofp/crtbegin.o
 .text.setup    0x100002d4       0xd8 CMakeFiles/Menu_oled.dir/Menu_oled.c.obj
                0x100002d4                setup
 .text.print_menu
                0x100003ac       0x94 CMakeFiles/Menu_oled.dir/Menu_oled.c.obj
                0x100003ac                print_menu
 .text.setup_programa1
                0x10000440       0xbc CMakeFiles/Menu_oled.dir/Menu_oled.c.obj
                0x10000440                setup_programa1
 .text.desligar_leds
                0x100004fc       0x8c CMakeFiles/Menu_oled.dir/Menu_oled.c.obj
                0x100004fc                desligar_leds
 .text.executar_programa
                0x10000588      0x304 CMakeFiles/Menu_oled.dir/Menu_oled.c.obj
                0x10000588                executar_programa
 .text.startup.main
                0x1000088c       0xa4 CMakeFiles/Menu_oled.dir/Menu_oled.c.obj
                0x1000088c                main
 .text.ssd1306_draw_char_with_font.part.0
                0x10000930      0x160 CMakeFiles/Menu_oled.dir/ssd1306.c.obj
 .text.ssd1306_init
                0x10000a90      0x144 CMakeFiles/Menu_oled.dir/ssd1306.c.obj
                0x10000a90                ssd1306_init
 .text.ssd1306_clear
                0x10000bd4       0x10 CMakeFiles/Menu_oled.dir/ssd1306.c.obj
                0x10000bd4                ssd1306_clear
 .text.ssd1306_draw_line
                0x10000be4       0xd4 CMakeFiles/Menu_oled.dir/ssd1306.c.obj
                0x10000be4                ssd1306_draw_line
 .text.ssd1306_draw_empty_square
                0x10000cb8       0x58 CMakeFiles/Menu_oled.dir/ssd1306.c.obj
                0x10000cb8                ssd1306_draw_empty_square
 .text.ssd1306_draw_string
                0x10000d10       0x68 CMakeFiles/Menu_oled.dir/ssd1306.c.obj
                0x10000d10                ssd1306_draw_string
 .text.ssd1306_show
                0x10000d78       0xd0 CMakeFiles/Menu_oled.dir/ssd1306.c.obj
                0x10000d78                ssd1306_show
 .text.gpio_set_function
                0x10000e48       0x34 CMakeFiles/Menu_oled.dir/C_/Users/carlo/.pico-sdk/sdk/2.1.0/src/rp2_common/hardware_gpio/gpio.c.obj
                0x10000e48                gpio_set_function
 .text.gpio_set_pulls
                0x10000e7c       0x28 CMakeFiles/Menu_oled.dir/C_/Users/carlo/.pico-sdk/sdk/2.1.0/src/rp2_common/hardware_gpio/gpio.c.obj
                0x10000e7c                gpio_set_pulls
 .text.gpio_set_input_enabled
                0x10000ea4       0x28 CMakeFiles/Menu_oled.dir/C_/Users/carlo/.pico-sdk/sdk/2.1.0/src/rp2_common/hardware_gpio/gpio.c.obj
                0x10000ea4                gpio_set_input_enabled
 .text.gpio_init
                0x10000ecc       0x40 CMakeFiles/Menu_oled.dir/C_/Users/carlo/.pico-sdk/sdk/2.1.0/src/rp2_common/hardware_gpio/gpio.c.obj
                0x10000ecc                gpio_init
 .text.rp2040_chip_version
                0x10000f0c        0xc CMakeFiles/Menu_oled.dir/C_/Users/carlo/.pico-sdk/sdk/2.1.0/src/rp2040/pico_platform/platform.c.obj
                0x10000f0c                rp2040_chip_version
 .text.panic    0x10000f18       0x30 CMakeFiles/Menu_oled.dir/C_/Users/carlo/.pico-sdk/sdk/2.1.0/src/rp2_common/pico_platform_panic/panic.c.obj
                0x10000f18                panic
 .text.hw_claim_or_assert
                0x10000f48       0x44 CMakeFiles/Menu_oled.dir/C_/Users/carlo/.pico-sdk/sdk/2.1.0/src/common/hardware_claim/claim.c.obj
                0x10000f48                hw_claim_or_assert
 .text.hw_claim_unused_from_range
                0x10000f8c       0x9c CMakeFiles/Menu_oled.dir/C_/Users/carlo/.pico-sdk/sdk/2.1.0/src/common/hardware_claim/claim.c.obj
                0x10000f8c                hw_claim_unused_from_range
 .text.next_striped_spin_lock_num
                0x10001028       0x18 CMakeFiles/Menu_oled.dir/C_/Users/carlo/.pico-sdk/sdk/2.1.0/src/rp2_common/hardware_sync/sync.c.obj
                0x10001028                next_striped_spin_lock_num
 .text.spin_lock_claim_unused
                0x10001040       0x24 CMakeFiles/Menu_oled.dir/C_/Users/carlo/.pico-sdk/sdk/2.1.0/src/rp2_common/hardware_sync/sync.c.obj
                0x10001040                spin_lock_claim_unused
 .text.spin_locks_reset
                0x10001064       0x1c CMakeFiles/Menu_oled.dir/C_/Users/carlo/.pico-sdk/sdk/2.1.0/src/rp2_common/hardware_sync_spin_lock/sync_spin_lock.c.obj
                0x10001064                spin_locks_reset
 .text.runtime_init_per_core_irq_priorities
                0x10001080       0x24 CMakeFiles/Menu_oled.dir/C_/Users/carlo/.pico-sdk/sdk/2.1.0/src/rp2_common/hardware_irq/irq.c.obj
                0x10001080                runtime_init_per_core_irq_priorities
 .text.irq_set_enabled
                0x100010a4       0x24 CMakeFiles/Menu_oled.dir/C_/Users/carlo/.pico-sdk/sdk/2.1.0/src/rp2_common/hardware_irq/irq.c.obj
                0x100010a4                irq_set_enabled
 .text.irq_is_enabled
                0x100010c8       0x18 CMakeFiles/Menu_oled.dir/C_/Users/carlo/.pico-sdk/sdk/2.1.0/src/rp2_common/hardware_irq/irq.c.obj
                0x100010c8                irq_is_enabled
 .text.irq_set_pending
                0x100010e0       0x10 CMakeFiles/Menu_oled.dir/C_/Users/carlo/.pico-sdk/sdk/2.1.0/src/rp2_common/hardware_irq/irq.c.obj
                0x100010e0                irq_set_pending
 .text.irq_has_shared_handler
                0x100010f0       0x2c CMakeFiles/Menu_oled.dir/C_/Users/carlo/.pico-sdk/sdk/2.1.0/src/rp2_common/hardware_irq/irq.c.obj
                0x100010f0                irq_has_shared_handler
 .text.irq_set_exclusive_handler
                0x1000111c       0x54 CMakeFiles/Menu_oled.dir/C_/Users/carlo/.pico-sdk/sdk/2.1.0/src/rp2_common/hardware_irq/irq.c.obj
                0x1000111c                irq_set_exclusive_handler
 .text.irq_add_shared_handler
                0x10001170      0x1f4 CMakeFiles/Menu_oled.dir/C_/Users/carlo/.pico-sdk/sdk/2.1.0/src/rp2_common/hardware_irq/irq.c.obj
                0x10001170                irq_add_shared_handler
 .text.irq_add_tail_to_free_list
                0x10001364       0xb4 CMakeFiles/Menu_oled.dir/C_/Users/carlo/.pico-sdk/sdk/2.1.0/src/rp2_common/hardware_irq/irq.c.obj
                0x10001364                irq_add_tail_to_free_list
 .text.user_irq_claim_unused
                0x10001418       0x2c CMakeFiles/Menu_oled.dir/C_/Users/carlo/.pico-sdk/sdk/2.1.0/src/rp2_common/hardware_irq/irq.c.obj
                0x10001418                user_irq_claim_unused
 .text.lock_init
                0x10001444       0x10 CMakeFiles/Menu_oled.dir/C_/Users/carlo/.pico-sdk/sdk/2.1.0/src/common/pico_sync/lock_core.c.obj
                0x10001444                lock_init
 .text.runtime_init_mutex
                0x10001454       0x50 CMakeFiles/Menu_oled.dir/C_/Users/carlo/.pico-sdk/sdk/2.1.0/src/common/pico_sync/mutex.c.obj
                0x10001454                runtime_init_mutex
 .text.mutex_init
                0x100014a4       0x1c CMakeFiles/Menu_oled.dir/C_/Users/carlo/.pico-sdk/sdk/2.1.0/src/common/pico_sync/mutex.c.obj
                0x100014a4                mutex_init
 .text.critical_section_init
                0x100014c0       0x1c CMakeFiles/Menu_oled.dir/C_/Users/carlo/.pico-sdk/sdk/2.1.0/src/common/pico_sync/critical_section.c.obj
                0x100014c0                critical_section_init
 .text.critical_section_init_with_lock_num
                0x100014dc       0x14 CMakeFiles/Menu_oled.dir/C_/Users/carlo/.pico-sdk/sdk/2.1.0/src/common/pico_sync/critical_section.c.obj
                0x100014dc                critical_section_init_with_lock_num
 .text.sleep_until_callback
                0x100014f0       0x30 CMakeFiles/Menu_oled.dir/C_/Users/carlo/.pico-sdk/sdk/2.1.0/src/common/pico_time/time.c.obj
 .text.alarm_pool_irq_handler
                0x10001520      0x2fc CMakeFiles/Menu_oled.dir/C_/Users/carlo/.pico-sdk/sdk/2.1.0/src/common/pico_time/time.c.obj
 .text.runtime_init_default_alarm_pool
                0x1000181c       0xdc CMakeFiles/Menu_oled.dir/C_/Users/carlo/.pico-sdk/sdk/2.1.0/src/common/pico_time/time.c.obj
                0x1000181c                runtime_init_default_alarm_pool
 .text.alarm_pool_get_default
                0x100018f8        0x8 CMakeFiles/Menu_oled.dir/C_/Users/carlo/.pico-sdk/sdk/2.1.0/src/common/pico_time/time.c.obj
                0x100018f8                alarm_pool_get_default
 .text.alarm_pool_add_alarm_at
                0x10001900       0xd4 CMakeFiles/Menu_oled.dir/C_/Users/carlo/.pico-sdk/sdk/2.1.0/src/common/pico_time/time.c.obj
                0x10001900                alarm_pool_add_alarm_at
 .text.alarm_pool_add_alarm_at_force_in_context
                0x100019d4       0xb0 CMakeFiles/Menu_oled.dir/C_/Users/carlo/.pico-sdk/sdk/2.1.0/src/common/pico_time/time.c.obj
                0x100019d4                alarm_pool_add_alarm_at_force_in_context
 .text.alarm_pool_cancel_alarm
                0x10001a84       0x74 CMakeFiles/Menu_oled.dir/C_/Users/carlo/.pico-sdk/sdk/2.1.0/src/common/pico_time/time.c.obj
                0x10001a84                alarm_pool_cancel_alarm
 .text.alarm_pool_core_num
                0x10001af8        0x4 CMakeFiles/Menu_oled.dir/C_/Users/carlo/.pico-sdk/sdk/2.1.0/src/common/pico_time/time.c.obj
                0x10001af8                alarm_pool_core_num
 .text.sleep_until
                0x10001afc       0xd8 CMakeFiles/Menu_oled.dir/C_/Users/carlo/.pico-sdk/sdk/2.1.0/src/common/pico_time/time.c.obj
                0x10001afc                sleep_until
 .text.sleep_us
                0x10001bd4       0x28 CMakeFiles/Menu_oled.dir/C_/Users/carlo/.pico-sdk/sdk/2.1.0/src/common/pico_time/time.c.obj
                0x10001bd4                sleep_us
 .text.sleep_ms
                0x10001bfc       0x38 CMakeFiles/Menu_oled.dir/C_/Users/carlo/.pico-sdk/sdk/2.1.0/src/common/pico_time/time.c.obj
                0x10001bfc                sleep_ms
 .text.best_effort_wfe_or_timeout
                0x10001c34       0xe0 CMakeFiles/Menu_oled.dir/C_/Users/carlo/.pico-sdk/sdk/2.1.0/src/common/pico_time/time.c.obj
                0x10001c34                best_effort_wfe_or_timeout
 .text.timer_hardware_alarm_claim
                0x10001d14       0x14 CMakeFiles/Menu_oled.dir/C_/Users/carlo/.pico-sdk/sdk/2.1.0/src/rp2_common/hardware_timer/timer.c.obj
                0x10001d14                timer_hardware_alarm_claim
 .text.timer_time_us_64
                0x10001d28       0x10 CMakeFiles/Menu_oled.dir/C_/Users/carlo/.pico-sdk/sdk/2.1.0/src/rp2_common/hardware_timer/timer.c.obj
                0x10001d28                timer_time_us_64
 .text.time_us_64
                0x10001d38       0x14 CMakeFiles/Menu_oled.dir/C_/Users/carlo/.pico-sdk/sdk/2.1.0/src/rp2_common/hardware_timer/timer.c.obj
                0x10001d38                time_us_64
 .text.busy_wait_until
                0x10001d4c       0x20 CMakeFiles/Menu_oled.dir/C_/Users/carlo/.pico-sdk/sdk/2.1.0/src/rp2_common/hardware_timer/timer.c.obj
                0x10001d4c                busy_wait_until
 .text.clock_configure_int_divider
                0x10001d6c       0xf4 CMakeFiles/Menu_oled.dir/C_/Users/carlo/.pico-sdk/sdk/2.1.0/src/rp2_common/hardware_clocks/clocks.c.obj
                0x10001d6c                clock_configure_int_divider
 .text.clock_configure_undivided
                0x10001e60       0xe8 CMakeFiles/Menu_oled.dir/C_/Users/carlo/.pico-sdk/sdk/2.1.0/src/rp2_common/hardware_clocks/clocks.c.obj
                0x10001e60                clock_configure_undivided
 .text.clock_get_hz
                0x10001f48        0xc CMakeFiles/Menu_oled.dir/C_/Users/carlo/.pico-sdk/sdk/2.1.0/src/rp2_common/hardware_clocks/clocks.c.obj
                0x10001f48                clock_get_hz
 .text.pll_init
                0x10001f54       0xa4 CMakeFiles/Menu_oled.dir/C_/Users/carlo/.pico-sdk/sdk/2.1.0/src/rp2_common/hardware_pll/pll.c.obj
                0x10001f54                pll_init
 .text.watchdog_reboot
                0x10001ff8       0x9c CMakeFiles/Menu_oled.dir/C_/Users/carlo/.pico-sdk/sdk/2.1.0/src/rp2_common/hardware_watchdog/watchdog.c.obj
                0x10001ff8                watchdog_reboot
 .text.tick_start
                0x10002094       0x10 CMakeFiles/Menu_oled.dir/C_/Users/carlo/.pico-sdk/sdk/2.1.0/src/rp2_common/hardware_ticks/ticks.c.obj
                0x10002094                tick_start
 .text.rom_func_lookup
                0x100020a4       0x10 CMakeFiles/Menu_oled.dir/C_/Users/carlo/.pico-sdk/sdk/2.1.0/src/rp2_common/pico_bootrom/bootrom.c.obj
                0x100020a4                rom_func_lookup
 .text.rom_data_lookup
                0x100020b4       0x10 CMakeFiles/Menu_oled.dir/C_/Users/carlo/.pico-sdk/sdk/2.1.0/src/rp2_common/pico_bootrom/bootrom.c.obj
                0x100020b4                rom_data_lookup
 .text.rom_funcs_lookup
                0x100020c4       0x44 CMakeFiles/Menu_oled.dir/C_/Users/carlo/.pico-sdk/sdk/2.1.0/src/rp2_common/pico_bootrom/bootrom.c.obj
                0x100020c4                rom_funcs_lookup
 .text.rom_reset_usb_boot_extra
                0x10002108       0x28 CMakeFiles/Menu_oled.dir/C_/Users/carlo/.pico-sdk/sdk/2.1.0/src/rp2_common/pico_bootrom/bootrom.c.obj
                0x10002108                rom_reset_usb_boot_extra
 .text.xosc_init
                0x10002130       0x28 CMakeFiles/Menu_oled.dir/C_/Users/carlo/.pico-sdk/sdk/2.1.0/src/rp2_common/hardware_xosc/xosc.c.obj
                0x10002130                xosc_init
 .text.first_per_core_initializer
                0x10002158        0x4 CMakeFiles/Menu_oled.dir/C_/Users/carlo/.pico-sdk/sdk/2.1.0/src/rp2_common/pico_runtime/runtime.c.obj
 .text.hard_assertion_failure
                0x1000215c        0xc CMakeFiles/Menu_oled.dir/C_/Users/carlo/.pico-sdk/sdk/2.1.0/src/rp2_common/pico_runtime/runtime.c.obj
                0x1000215c                hard_assertion_failure
 .text.runtime_run_initializers
                0x10002168       0x28 CMakeFiles/Menu_oled.dir/C_/Users/carlo/.pico-sdk/sdk/2.1.0/src/rp2_common/pico_runtime/runtime.c.obj
                0x10002168                runtime_run_initializers
 .text.runtime_init_early_resets
                0x10002190       0x2c CMakeFiles/Menu_oled.dir/C_/Users/carlo/.pico-sdk/sdk/2.1.0/src/rp2_common/pico_runtime_init/runtime_init.c.obj
                0x10002190                runtime_init_early_resets
 .text.runtime_init_usb_power_down
                0x100021bc       0x1c CMakeFiles/Menu_oled.dir/C_/Users/carlo/.pico-sdk/sdk/2.1.0/src/rp2_common/pico_runtime_init/runtime_init.c.obj
                0x100021bc                runtime_init_usb_power_down
 .text.runtime_init_post_clock_resets
                0x100021d8       0x20 CMakeFiles/Menu_oled.dir/C_/Users/carlo/.pico-sdk/sdk/2.1.0/src/rp2_common/pico_runtime_init/runtime_init.c.obj
                0x100021d8                runtime_init_post_clock_resets
 .text.runtime_init_rp2040_gpio_ie_disable
                0x100021f8       0x14 CMakeFiles/Menu_oled.dir/C_/Users/carlo/.pico-sdk/sdk/2.1.0/src/rp2_common/pico_runtime_init/runtime_init.c.obj
                0x100021f8                runtime_init_rp2040_gpio_ie_disable
 .text.runtime_init_spin_locks_reset
                0x1000220c        0x8 CMakeFiles/Menu_oled.dir/C_/Users/carlo/.pico-sdk/sdk/2.1.0/src/rp2_common/pico_runtime_init/runtime_init.c.obj
                0x1000220c                runtime_init_spin_locks_reset
 .text.runtime_init_install_ram_vector_table
                0x10002214       0x1c CMakeFiles/Menu_oled.dir/C_/Users/carlo/.pico-sdk/sdk/2.1.0/src/rp2_common/pico_runtime_init/runtime_init.c.obj
                0x10002214                runtime_init_install_ram_vector_table
 .text.runtime_init_clocks
                0x10002230       0xd8 CMakeFiles/Menu_oled.dir/C_/Users/carlo/.pico-sdk/sdk/2.1.0/src/rp2_common/pico_runtime_init/runtime_init_clocks.c.obj
                0x10002230                runtime_init_clocks
 .text          0x10002308       0x10 CMakeFiles/Menu_oled.dir/C_/Users/carlo/.pico-sdk/sdk/2.1.0/src/rp2_common/pico_bit_ops/bit_ops_aeabi.S.obj
 .text.__wrap___aeabi_idiv
                0x10002318       0x50 CMakeFiles/Menu_oled.dir/C_/Users/carlo/.pico-sdk/sdk/2.1.0/src/rp2_common/pico_divider/divider_hardware.S.obj
                0x10002318                __wrap___aeabi_idivmod
                0x10002318                divmod_s32s32
                0x10002318                div_s32s32
                0x10002318                __wrap___aeabi_idiv
                0x10002320                divmod_s32s32_unsafe
                0x1000234c                divmod_s32s32_savestate
 .text.__wrap___aeabi_uidiv
                0x10002368       0x4c CMakeFiles/Menu_oled.dir/C_/Users/carlo/.pico-sdk/sdk/2.1.0/src/rp2_common/pico_divider/divider_hardware.S.obj
                0x10002368                __wrap___aeabi_uidiv
                0x10002368                __wrap___aeabi_uidivmod
                0x10002368                div_u32u32
                0x10002368                divmod_u32u32
                0x10002370                divmod_u32u32_unsafe
                0x10002398                divmod_u32u32_savestate
 .text.__wrap___aeabi_ldiv
                0x100023b4      0x424 CMakeFiles/Menu_oled.dir/C_/Users/carlo/.pico-sdk/sdk/2.1.0/src/rp2_common/pico_divider/divider_hardware.S.obj
                0x100023b4                div_s64s64
                0x100023b4                divmod_s64s64
                0x100023b4                __wrap___aeabi_ldivmod
                0x100023e4                divmod_u64u64
                0x100023e4                div_u64u64
                0x100023e4                __wrap___aeabi_uldivmod
                0x100023f4                divmod_u64u64_savestate
                0x10002414                divmod_s64s64_unsafe
                0x1000249c                divmod_u64u64_unsafe
 .text.__wrap___aeabi_darithmetic
                0x100027d8       0x60 CMakeFiles/Menu_oled.dir/C_/Users/carlo/.pico-sdk/sdk/2.1.0/src/rp2_common/pico_double/double_aeabi_rp2040.S.obj
                0x100027d8                __wrap___aeabi_drsub
                0x100027de                __wrap___aeabi_dsub
                0x100027e8                __wrap___aeabi_dadd
                0x100027f2                __wrap___aeabi_ddiv
                0x10002826                __wrap___aeabi_dmul
 .text.__wrap___aeabi_cdcmple
                0x10002838       0x6c CMakeFiles/Menu_oled.dir/C_/Users/carlo/.pico-sdk/sdk/2.1.0/src/rp2_common/pico_double/double_aeabi_rp2040.S.obj
                0x10002838                __wrap___aeabi_cdrcmple
                0x10002848                __wrap___aeabi_cdcmpeq
                0x10002848                __wrap___aeabi_cdcmple
 .text.__wrap___aeabi_dcmplt
                0x100028a4        0xc CMakeFiles/Menu_oled.dir/C_/Users/carlo/.pico-sdk/sdk/2.1.0/src/rp2_common/pico_double/double_aeabi_rp2040.S.obj
                0x100028a4                __wrap___aeabi_dcmplt
 .text.__wrap___aeabi_dcmpge
                0x100028b0       0x10 CMakeFiles/Menu_oled.dir/C_/Users/carlo/.pico-sdk/sdk/2.1.0/src/rp2_common/pico_double/double_aeabi_rp2040.S.obj
                0x100028b0                __wrap___aeabi_dcmpge
 .text.__wrap___aeabi_dcmpgt
                0x100028c0        0xa CMakeFiles/Menu_oled.dir/C_/Users/carlo/.pico-sdk/sdk/2.1.0/src/rp2_common/pico_double/double_aeabi_rp2040.S.obj
                0x100028c0                __wrap___aeabi_dcmpgt
 .text.__wrap___aeabi_dcmpun
                0x100028ca       0x18 CMakeFiles/Menu_oled.dir/C_/Users/carlo/.pico-sdk/sdk/2.1.0/src/rp2_common/pico_double/double_aeabi_rp2040.S.obj
                0x100028ca                __wrap___aeabi_dcmpun
 *fill*         0x100028e2        0x2 
 .text.__wrap___aeabi_i2d
                0x100028e4       0x38 CMakeFiles/Menu_oled.dir/C_/Users/carlo/.pico-sdk/sdk/2.1.0/src/rp2_common/pico_double/double_aeabi_rp2040.S.obj
                0x100028e4                __wrap___aeabi_ui2d
                0x100028ec                __wrap___aeabi_i2d
 .text.__wrap___aeabi_d2iz
                0x1000291c       0x48 CMakeFiles/Menu_oled.dir/C_/Users/carlo/.pico-sdk/sdk/2.1.0/src/rp2_common/pico_double/double_aeabi_rp2040.S.obj
                0x1000291c                double2int_z
                0x1000291c                __wrap___aeabi_d2iz
 .text.__wrap___aeabi_d2uiz
                0x10002964       0x10 CMakeFiles/Menu_oled.dir/C_/Users/carlo/.pico-sdk/sdk/2.1.0/src/rp2_common/pico_double/double_aeabi_rp2040.S.obj
                0x10002964                __wrap___aeabi_d2uiz
                0x10002964                double2uint
 .text.missing_double_func_shim
                0x10002974        0xc CMakeFiles/Menu_oled.dir/C_/Users/carlo/.pico-sdk/sdk/2.1.0/src/rp2_common/pico_double/double_init_rom_rp2040.c.obj
 .text.__aeabi_double_init
                0x10002980       0xa0 CMakeFiles/Menu_oled.dir/C_/Users/carlo/.pico-sdk/sdk/2.1.0/src/rp2_common/pico_double/double_init_rom_rp2040.c.obj
                0x10002980                __aeabi_double_init
 .text.double_table_shim_on_use_helper
                0x10002a20       0x2c CMakeFiles/Menu_oled.dir/C_/Users/carlo/.pico-sdk/sdk/2.1.0/src/rp2_common/pico_double/double_v1_rom_shim_rp2040.S.obj
                0x10002a20                double_table_shim_on_use_helper
 .text.__aeabi_lmul
                0x10002a4c       0x32 CMakeFiles/Menu_oled.dir/C_/Users/carlo/.pico-sdk/sdk/2.1.0/src/rp2_common/pico_int64_ops/pico_int64_ops_aeabi.S.obj
                0x10002a4c                __wrap___aeabi_lmul
 *fill*         0x10002a7e        0x2 
 .text.__wrap___aeabi_farithmetic
                0x10002a80       0x48 CMakeFiles/Menu_oled.dir/C_/Users/carlo/.pico-sdk/sdk/2.1.0/src/rp2_common/pico_float/float_aeabi_rp2040.S.obj
                0x10002a80                __wrap___aeabi_frsub
                0x10002a86                __wrap___aeabi_fsub
                0x10002a8c                __wrap___aeabi_fadd
                0x10002a92                __wrap___aeabi_fdiv
                0x10002aba                __wrap___aeabi_fmul
 .text.__wrap___aeabi_i2f
                0x10002ac8       0x44 CMakeFiles/Menu_oled.dir/C_/Users/carlo/.pico-sdk/sdk/2.1.0/src/rp2_common/pico_float/float_aeabi_rp2040.S.obj
                0x10002ac8                __wrap___aeabi_i2f
                0x10002ac8                int2float
 .text.__wrap___aeabi_f2uiz
                0x10002b0c        0xc CMakeFiles/Menu_oled.dir/C_/Users/carlo/.pico-sdk/sdk/2.1.0/src/rp2_common/pico_float/float_aeabi_rp2040.S.obj
                0x10002b0c                __wrap___aeabi_f2uiz
                0x10002b0c                float2uint_z
 .text.missing_float_func_shim
                0x10002b18        0xc CMakeFiles/Menu_oled.dir/C_/Users/carlo/.pico-sdk/sdk/2.1.0/src/rp2_common/pico_float/float_init_rom_rp2040.c.obj
 .text.__aeabi_float_init
                0x10002b24       0x5c CMakeFiles/Menu_oled.dir/C_/Users/carlo/.pico-sdk/sdk/2.1.0/src/rp2_common/pico_float/float_init_rom_rp2040.c.obj
                0x10002b24                __aeabi_float_init
 .text.__wrap_malloc
                0x10002b80       0x24 CMakeFiles/Menu_oled.dir/C_/Users/carlo/.pico-sdk/sdk/2.1.0/src/rp2_common/pico_malloc/malloc.c.obj
                0x10002b80                __wrap_malloc
 .text          0x10002ba4       0x10 CMakeFiles/Menu_oled.dir/C_/Users/carlo/.pico-sdk/sdk/2.1.0/src/rp2_common/pico_mem_ops/mem_ops_aeabi.S.obj
                0x10002ba4                __aeabi_mem_init
 .text.memset   0x10002bb4        0xc CMakeFiles/Menu_oled.dir/C_/Users/carlo/.pico-sdk/sdk/2.1.0/src/rp2_common/pico_mem_ops/mem_ops_aeabi.S.obj
                0x10002bb4                __wrap_memset
 .text.memcpy   0x10002bc0        0xc CMakeFiles/Menu_oled.dir/C_/Users/carlo/.pico-sdk/sdk/2.1.0/src/rp2_common/pico_mem_ops/mem_ops_aeabi.S.obj
                0x10002bc0                __wrap_memcpy
                0x10002bc0                __wrap___aeabi_memcpy
 .text._out_null
                0x10002bcc        0x4 CMakeFiles/Menu_oled.dir/C_/Users/carlo/.pico-sdk/sdk/2.1.0/src/rp2_common/pico_printf/printf.c.obj
 .text._out_rev
                0x10002bd0       0xac CMakeFiles/Menu_oled.dir/C_/Users/carlo/.pico-sdk/sdk/2.1.0/src/rp2_common/pico_printf/printf.c.obj
 .text._ntoa_format
                0x10002c7c      0x250 CMakeFiles/Menu_oled.dir/C_/Users/carlo/.pico-sdk/sdk/2.1.0/src/rp2_common/pico_printf/printf.c.obj
 .text._out_char
                0x10002ecc       0x10 CMakeFiles/Menu_oled.dir/C_/Users/carlo/.pico-sdk/sdk/2.1.0/src/rp2_common/pico_printf/printf.c.obj
 .text._out_fct
                0x10002edc       0x10 CMakeFiles/Menu_oled.dir/C_/Users/carlo/.pico-sdk/sdk/2.1.0/src/rp2_common/pico_printf/printf.c.obj
 .text._etoa    0x10002eec      0x464 CMakeFiles/Menu_oled.dir/C_/Users/carlo/.pico-sdk/sdk/2.1.0/src/rp2_common/pico_printf/printf.c.obj
 .text._ftoa    0x10003350      0x3c0 CMakeFiles/Menu_oled.dir/C_/Users/carlo/.pico-sdk/sdk/2.1.0/src/rp2_common/pico_printf/printf.c.obj
 .text._vsnprintf
                0x10003710      0xbc8 CMakeFiles/Menu_oled.dir/C_/Users/carlo/.pico-sdk/sdk/2.1.0/src/rp2_common/pico_printf/printf.c.obj
 .text.vfctprintf
                0x100042d8       0x20 CMakeFiles/Menu_oled.dir/C_/Users/carlo/.pico-sdk/sdk/2.1.0/src/rp2_common/pico_printf/printf.c.obj
                0x100042d8                vfctprintf
 .text.weak_raw_vprintf
                0x100042f8       0x30 CMakeFiles/Menu_oled.dir/C_/Users/carlo/.pico-sdk/sdk/2.1.0/src/rp2_common/pico_printf/printf.c.obj
                0x100042f8                weak_raw_vprintf
 .text._exit    0x10004328        0x4 CMakeFiles/Menu_oled.dir/C_/Users/carlo/.pico-sdk/sdk/2.1.0/src/rp2_common/pico_clib_interface/newlib_interface.c.obj
                0x10004328                _exit
 .text._sbrk    0x1000432c       0x34 CMakeFiles/Menu_oled.dir/C_/Users/carlo/.pico-sdk/sdk/2.1.0/src/rp2_common/pico_clib_interface/newlib_interface.c.obj
                0x1000432c                _sbrk
 .text.exit     0x10004360        0x8 CMakeFiles/Menu_oled.dir/C_/Users/carlo/.pico-sdk/sdk/2.1.0/src/rp2_common/pico_clib_interface/newlib_interface.c.obj
                0x10004360                exit
 .text.runtime_init
                0x10004368       0x2c CMakeFiles/Menu_oled.dir/C_/Users/carlo/.pico-sdk/sdk/2.1.0/src/rp2_common/pico_clib_interface/newlib_interface.c.obj
                0x10004368                runtime_init
 .text.stdio_out_chars_no_crlf
                0x10004394       0x10 CMakeFiles/Menu_oled.dir/C_/Users/carlo/.pico-sdk/sdk/2.1.0/src/rp2_common/pico_stdio/stdio.c.obj
 .text.stdio_out_chars_crlf
                0x100043a4       0x94 CMakeFiles/Menu_oled.dir/C_/Users/carlo/.pico-sdk/sdk/2.1.0/src/rp2_common/pico_stdio/stdio.c.obj
 .text.stdio_buffered_printer
                0x10004438       0x64 CMakeFiles/Menu_oled.dir/C_/Users/carlo/.pico-sdk/sdk/2.1.0/src/rp2_common/pico_stdio/stdio.c.obj
 .text.stdio_put_string
                0x1000449c      0x100 CMakeFiles/Menu_oled.dir/C_/Users/carlo/.pico-sdk/sdk/2.1.0/src/rp2_common/pico_stdio/stdio.c.obj
                0x1000449c                stdio_put_string
 .text.stdio_set_driver_enabled
                0x1000459c       0x30 CMakeFiles/Menu_oled.dir/C_/Users/carlo/.pico-sdk/sdk/2.1.0/src/rp2_common/pico_stdio/stdio.c.obj
                0x1000459c                stdio_set_driver_enabled
 .text.stdio_init_all
                0x100045cc        0x8 CMakeFiles/Menu_oled.dir/C_/Users/carlo/.pico-sdk/sdk/2.1.0/src/rp2_common/pico_stdio/stdio.c.obj
                0x100045cc                stdio_init_all
 .text.__wrap_putchar
                0x100045d4       0x98 CMakeFiles/Menu_oled.dir/C_/Users/carlo/.pico-sdk/sdk/2.1.0/src/rp2_common/pico_stdio/stdio.c.obj
                0x100045d4                __wrap_putchar
                0x100045d4                stdio_putchar
 .text.__wrap_puts
                0x1000466c       0x3c CMakeFiles/Menu_oled.dir/C_/Users/carlo/.pico-sdk/sdk/2.1.0/src/rp2_common/pico_stdio/stdio.c.obj
                0x1000466c                stdio_puts
                0x1000466c                __wrap_puts
 .text.__wrap_vprintf
                0x100046a8       0xd4 CMakeFiles/Menu_oled.dir/C_/Users/carlo/.pico-sdk/sdk/2.1.0/src/rp2_common/pico_stdio/stdio.c.obj
                0x100046a8                stdio_vprintf
                0x100046a8                __wrap_vprintf
 .text.__wrap_printf
                0x1000477c       0x18 CMakeFiles/Menu_oled.dir/C_/Users/carlo/.pico-sdk/sdk/2.1.0/src/rp2_common/pico_stdio/stdio.c.obj
                0x1000477c                __wrap_printf
                0x1000477c                stdio_printf
 .text.resetd_init
                0x10004794        0x4 CMakeFiles/Menu_oled.dir/C_/Users/carlo/.pico-sdk/sdk/2.1.0/src/rp2_common/pico_stdio_usb/reset_interface.c.obj
 .text.resetd_reset
                0x10004798        0xc CMakeFiles/Menu_oled.dir/C_/Users/carlo/.pico-sdk/sdk/2.1.0/src/rp2_common/pico_stdio_usb/reset_interface.c.obj
 .text.resetd_open
                0x100047a4       0x28 CMakeFiles/Menu_oled.dir/C_/Users/carlo/.pico-sdk/sdk/2.1.0/src/rp2_common/pico_stdio_usb/reset_interface.c.obj
 .text.resetd_xfer_cb
                0x100047cc        0x4 CMakeFiles/Menu_oled.dir/C_/Users/carlo/.pico-sdk/sdk/2.1.0/src/rp2_common/pico_stdio_usb/reset_interface.c.obj
 .text.resetd_control_xfer_cb
                0x100047d0       0x5c CMakeFiles/Menu_oled.dir/C_/Users/carlo/.pico-sdk/sdk/2.1.0/src/rp2_common/pico_stdio_usb/reset_interface.c.obj
 .text.tud_descriptor_bos_cb
                0x1000482c        0x8 CMakeFiles/Menu_oled.dir/C_/Users/carlo/.pico-sdk/sdk/2.1.0/src/rp2_common/pico_stdio_usb/reset_interface.c.obj
                0x1000482c                tud_descriptor_bos_cb
 .text.tud_vendor_control_xfer_cb
                0x10004834       0x34 CMakeFiles/Menu_oled.dir/C_/Users/carlo/.pico-sdk/sdk/2.1.0/src/rp2_common/pico_stdio_usb/reset_interface.c.obj
                0x10004834                tud_vendor_control_xfer_cb
 .text.usbd_app_driver_get_cb
                0x10004868        0xc CMakeFiles/Menu_oled.dir/C_/Users/carlo/.pico-sdk/sdk/2.1.0/src/rp2_common/pico_stdio_usb/reset_interface.c.obj
                0x10004868                usbd_app_driver_get_cb
 .text.tud_cdc_line_coding_cb
                0x10004874       0x2c CMakeFiles/Menu_oled.dir/C_/Users/carlo/.pico-sdk/sdk/2.1.0/src/rp2_common/pico_stdio_usb/reset_interface.c.obj
                0x10004874                tud_cdc_line_coding_cb
 .text.stdio_usb_set_chars_available_callback
                0x100048a0       0x14 CMakeFiles/Menu_oled.dir/C_/Users/carlo/.pico-sdk/sdk/2.1.0/src/rp2_common/pico_stdio_usb/stdio_usb.c.obj
                0x100048a0                stdio_usb_set_chars_available_callback
 .text.usb_irq  0x100048b4       0x10 CMakeFiles/Menu_oled.dir/C_/Users/carlo/.pico-sdk/sdk/2.1.0/src/rp2_common/pico_stdio_usb/stdio_usb.c.obj
 .text.timer_task
                0x100048c4       0x64 CMakeFiles/Menu_oled.dir/C_/Users/carlo/.pico-sdk/sdk/2.1.0/src/rp2_common/pico_stdio_usb/stdio_usb.c.obj
 .text.stdio_usb_in_chars
                0x10004928       0x90 CMakeFiles/Menu_oled.dir/C_/Users/carlo/.pico-sdk/sdk/2.1.0/src/rp2_common/pico_stdio_usb/stdio_usb.c.obj
                0x10004928                stdio_usb_in_chars
 .text.stdio_usb_out_flush
                0x100049b8       0x50 CMakeFiles/Menu_oled.dir/C_/Users/carlo/.pico-sdk/sdk/2.1.0/src/rp2_common/pico_stdio_usb/stdio_usb.c.obj
 .text.stdio_usb_out_chars
                0x10004a08      0x104 CMakeFiles/Menu_oled.dir/C_/Users/carlo/.pico-sdk/sdk/2.1.0/src/rp2_common/pico_stdio_usb/stdio_usb.c.obj
 .text.low_priority_worker_irq
                0x10004b0c       0xcc CMakeFiles/Menu_oled.dir/C_/Users/carlo/.pico-sdk/sdk/2.1.0/src/rp2_common/pico_stdio_usb/stdio_usb.c.obj
 .text.stdio_usb_init
                0x10004bd8       0xe8 CMakeFiles/Menu_oled.dir/C_/Users/carlo/.pico-sdk/sdk/2.1.0/src/rp2_common/pico_stdio_usb/stdio_usb.c.obj
                0x10004bd8                stdio_usb_init
 .text.tud_descriptor_device_cb
                0x10004cc0        0x8 CMakeFiles/Menu_oled.dir/C_/Users/carlo/.pico-sdk/sdk/2.1.0/src/rp2_common/pico_stdio_usb/stdio_usb_descriptors.c.obj
                0x10004cc0                tud_descriptor_device_cb
 .text.tud_descriptor_configuration_cb
                0x10004cc8        0x8 CMakeFiles/Menu_oled.dir/C_/Users/carlo/.pico-sdk/sdk/2.1.0/src/rp2_common/pico_stdio_usb/stdio_usb_descriptors.c.obj
                0x10004cc8                tud_descriptor_configuration_cb
 .text.tud_descriptor_string_cb
                0x10004cd0       0x78 CMakeFiles/Menu_oled.dir/C_/Users/carlo/.pico-sdk/sdk/2.1.0/src/rp2_common/pico_stdio_usb/stdio_usb_descriptors.c.obj
                0x10004cd0                tud_descriptor_string_cb
 .text.startup._retrieve_unique_id_on_boot
                0x10004d48       0x10 CMakeFiles/Menu_oled.dir/C_/Users/carlo/.pico-sdk/sdk/2.1.0/src/rp2_common/pico_unique_id/unique_id.c.obj
 .text.pico_get_unique_board_id_string
                0x10004d58      0x1a8 CMakeFiles/Menu_oled.dir/C_/Users/carlo/.pico-sdk/sdk/2.1.0/src/rp2_common/pico_unique_id/unique_id.c.obj
                0x10004d58                pico_get_unique_board_id_string
 .text.flash_get_unique_id
                0x10004f00       0x3c CMakeFiles/Menu_oled.dir/C_/Users/carlo/.pico-sdk/sdk/2.1.0/src/rp2_common/hardware_flash/flash.c.obj
                0x10004f00                flash_get_unique_id
 .text.dcd_init
                0x10004f3c       0x8c CMakeFiles/Menu_oled.dir/C_/Users/carlo/.pico-sdk/sdk/2.1.0/lib/tinyusb/src/portable/raspberrypi/rp2040/dcd_rp2040.c.obj
                0x10004f3c                dcd_init
 .text.dcd_int_enable
                0x10004fc8        0xc CMakeFiles/Menu_oled.dir/C_/Users/carlo/.pico-sdk/sdk/2.1.0/lib/tinyusb/src/portable/raspberrypi/rp2040/dcd_rp2040.c.obj
                0x10004fc8                dcd_int_enable
 .text.dcd_set_address
                0x10004fd4       0x14 CMakeFiles/Menu_oled.dir/C_/Users/carlo/.pico-sdk/sdk/2.1.0/lib/tinyusb/src/portable/raspberrypi/rp2040/dcd_rp2040.c.obj
                0x10004fd4                dcd_set_address
 .text.dcd_sof_enable
                0x10004fe8       0x1c CMakeFiles/Menu_oled.dir/C_/Users/carlo/.pico-sdk/sdk/2.1.0/lib/tinyusb/src/portable/raspberrypi/rp2040/dcd_rp2040.c.obj
                0x10004fe8                dcd_sof_enable
 .text.dcd_edpt0_status_complete
                0x10005004       0x1c CMakeFiles/Menu_oled.dir/C_/Users/carlo/.pico-sdk/sdk/2.1.0/lib/tinyusb/src/portable/raspberrypi/rp2040/dcd_rp2040.c.obj
                0x10005004                dcd_edpt0_status_complete
 .text.dcd_edpt_open
                0x10005020      0x108 CMakeFiles/Menu_oled.dir/C_/Users/carlo/.pico-sdk/sdk/2.1.0/lib/tinyusb/src/portable/raspberrypi/rp2040/dcd_rp2040.c.obj
                0x10005020                dcd_edpt_open
 .text.dcd_edpt_close_all
                0x10005128        0x8 CMakeFiles/Menu_oled.dir/C_/Users/carlo/.pico-sdk/sdk/2.1.0/lib/tinyusb/src/portable/raspberrypi/rp2040/dcd_rp2040.c.obj
                0x10005128                dcd_edpt_close_all
 .text.dcd_edpt_xfer
                0x10005130       0x24 CMakeFiles/Menu_oled.dir/C_/Users/carlo/.pico-sdk/sdk/2.1.0/lib/tinyusb/src/portable/raspberrypi/rp2040/dcd_rp2040.c.obj
                0x10005130                dcd_edpt_xfer
 .text.dcd_edpt_stall
                0x10005154       0x34 CMakeFiles/Menu_oled.dir/C_/Users/carlo/.pico-sdk/sdk/2.1.0/lib/tinyusb/src/portable/raspberrypi/rp2040/dcd_rp2040.c.obj
                0x10005154                dcd_edpt_stall
 .text.dcd_edpt_clear_stall
                0x10005188       0x30 CMakeFiles/Menu_oled.dir/C_/Users/carlo/.pico-sdk/sdk/2.1.0/lib/tinyusb/src/portable/raspberrypi/rp2040/dcd_rp2040.c.obj
                0x10005188                dcd_edpt_clear_stall
 .text.rp2040_usb_init
                0x100051b8       0x40 CMakeFiles/Menu_oled.dir/C_/Users/carlo/.pico-sdk/sdk/2.1.0/lib/tinyusb/src/portable/raspberrypi/rp2040/rp2040_usb.c.obj
                0x100051b8                rp2040_usb_init
 .text.hw_endpoint_xfer_start
                0x100051f8       0x40 CMakeFiles/Menu_oled.dir/C_/Users/carlo/.pico-sdk/sdk/2.1.0/lib/tinyusb/src/portable/raspberrypi/rp2040/rp2040_usb.c.obj
                0x100051f8                hw_endpoint_xfer_start
 .text.tud_event_hook_cb
                0x10005238        0x4 CMakeFiles/Menu_oled.dir/C_/Users/carlo/.pico-sdk/sdk/2.1.0/lib/tinyusb/src/device/usbd.c.obj
                0x10005238                tud_event_hook_cb
 .text.tud_sof_cb
                0x1000523c        0x4 CMakeFiles/Menu_oled.dir/C_/Users/carlo/.pico-sdk/sdk/2.1.0/lib/tinyusb/src/device/usbd.c.obj
                0x1000523c                tud_sof_cb
 .text.tud_descriptor_device_qualifier_cb
                0x10005240        0x4 CMakeFiles/Menu_oled.dir/C_/Users/carlo/.pico-sdk/sdk/2.1.0/lib/tinyusb/src/device/usbd.c.obj
                0x10005240                tud_descriptor_device_qualifier_cb
 .text.tud_descriptor_other_speed_configuration_cb
                0x10005244        0x4 CMakeFiles/Menu_oled.dir/C_/Users/carlo/.pico-sdk/sdk/2.1.0/lib/tinyusb/src/device/usbd.c.obj
                0x10005244                tud_descriptor_other_speed_configuration_cb
 .text.tud_mount_cb
                0x10005248        0x4 CMakeFiles/Menu_oled.dir/C_/Users/carlo/.pico-sdk/sdk/2.1.0/lib/tinyusb/src/device/usbd.c.obj
                0x10005248                tud_mount_cb
 .text.tud_umount_cb
                0x1000524c        0x4 CMakeFiles/Menu_oled.dir/C_/Users/carlo/.pico-sdk/sdk/2.1.0/lib/tinyusb/src/device/usbd.c.obj
                0x1000524c                tud_umount_cb
 .text.tud_suspend_cb
                0x10005250        0x4 CMakeFiles/Menu_oled.dir/C_/Users/carlo/.pico-sdk/sdk/2.1.0/lib/tinyusb/src/device/usbd.c.obj
                0x10005250                tud_suspend_cb
 .text.tud_resume_cb
                0x10005254        0x4 CMakeFiles/Menu_oled.dir/C_/Users/carlo/.pico-sdk/sdk/2.1.0/lib/tinyusb/src/device/usbd.c.obj
                0x10005254                tud_resume_cb
 .text.tud_mounted
                0x10005258       0x10 CMakeFiles/Menu_oled.dir/C_/Users/carlo/.pico-sdk/sdk/2.1.0/lib/tinyusb/src/device/usbd.c.obj
                0x10005258                tud_mounted
 .text.tud_suspended
                0x10005268       0x10 CMakeFiles/Menu_oled.dir/C_/Users/carlo/.pico-sdk/sdk/2.1.0/lib/tinyusb/src/device/usbd.c.obj
                0x10005268                tud_suspended
 .text.tud_init
                0x10005278       0xe4 CMakeFiles/Menu_oled.dir/C_/Users/carlo/.pico-sdk/sdk/2.1.0/lib/tinyusb/src/device/usbd.c.obj
                0x10005278                tud_init
 .text.tud_task_ext
                0x1000535c      0x800 CMakeFiles/Menu_oled.dir/C_/Users/carlo/.pico-sdk/sdk/2.1.0/lib/tinyusb/src/device/usbd.c.obj
                0x1000535c                tud_task_ext
 .text.usbd_open_edpt_pair
                0x10005b5c       0x9c CMakeFiles/Menu_oled.dir/C_/Users/carlo/.pico-sdk/sdk/2.1.0/lib/tinyusb/src/device/usbd.c.obj
                0x10005b5c                usbd_open_edpt_pair
 .text.usbd_edpt_open
                0x10005bf8       0x34 CMakeFiles/Menu_oled.dir/C_/Users/carlo/.pico-sdk/sdk/2.1.0/lib/tinyusb/src/device/usbd.c.obj
                0x10005bf8                usbd_edpt_open
 .text.usbd_edpt_claim
                0x10005c2c       0x28 CMakeFiles/Menu_oled.dir/C_/Users/carlo/.pico-sdk/sdk/2.1.0/lib/tinyusb/src/device/usbd.c.obj
                0x10005c2c                usbd_edpt_claim
 .text.usbd_edpt_release
                0x10005c54       0x28 CMakeFiles/Menu_oled.dir/C_/Users/carlo/.pico-sdk/sdk/2.1.0/lib/tinyusb/src/device/usbd.c.obj
                0x10005c54                usbd_edpt_release
 .text.usbd_edpt_xfer
                0x10005c7c       0x4c CMakeFiles/Menu_oled.dir/C_/Users/carlo/.pico-sdk/sdk/2.1.0/lib/tinyusb/src/device/usbd.c.obj
                0x10005c7c                usbd_edpt_xfer
 .text.tud_control_status
                0x10005cc8       0x2c CMakeFiles/Menu_oled.dir/C_/Users/carlo/.pico-sdk/sdk/2.1.0/lib/tinyusb/src/device/usbd_control.c.obj
                0x10005cc8                tud_control_status
 .text.tud_control_xfer
                0x10005cf4       0xac CMakeFiles/Menu_oled.dir/C_/Users/carlo/.pico-sdk/sdk/2.1.0/lib/tinyusb/src/device/usbd_control.c.obj
                0x10005cf4                tud_control_xfer
 .text.usbd_control_reset
                0x10005da0       0x14 CMakeFiles/Menu_oled.dir/C_/Users/carlo/.pico-sdk/sdk/2.1.0/lib/tinyusb/src/device/usbd_control.c.obj
                0x10005da0                usbd_control_reset
 .text.usbd_control_set_complete_callback
                0x10005db4        0xc CMakeFiles/Menu_oled.dir/C_/Users/carlo/.pico-sdk/sdk/2.1.0/lib/tinyusb/src/device/usbd_control.c.obj
                0x10005db4                usbd_control_set_complete_callback
 .text.usbd_control_set_request
                0x10005dc0       0x1c CMakeFiles/Menu_oled.dir/C_/Users/carlo/.pico-sdk/sdk/2.1.0/lib/tinyusb/src/device/usbd_control.c.obj
                0x10005dc0                usbd_control_set_request
 .text.usbd_control_xfer_cb
                0x10005ddc       0xec CMakeFiles/Menu_oled.dir/C_/Users/carlo/.pico-sdk/sdk/2.1.0/lib/tinyusb/src/device/usbd_control.c.obj
                0x10005ddc                usbd_control_xfer_cb
 .text._prep_out_transaction.isra.0
                0x10005ec8       0x5c CMakeFiles/Menu_oled.dir/C_/Users/carlo/.pico-sdk/sdk/2.1.0/lib/tinyusb/src/class/cdc/cdc_device.c.obj
 .text.tud_cdc_n_connected
                0x10005f24       0x30 CMakeFiles/Menu_oled.dir/C_/Users/carlo/.pico-sdk/sdk/2.1.0/lib/tinyusb/src/class/cdc/cdc_device.c.obj
                0x10005f24                tud_cdc_n_connected
 .text.tud_cdc_n_available
                0x10005f54       0x18 CMakeFiles/Menu_oled.dir/C_/Users/carlo/.pico-sdk/sdk/2.1.0/lib/tinyusb/src/class/cdc/cdc_device.c.obj
                0x10005f54                tud_cdc_n_available
 .text.tud_cdc_n_read
                0x10005f6c       0x98 CMakeFiles/Menu_oled.dir/C_/Users/carlo/.pico-sdk/sdk/2.1.0/lib/tinyusb/src/class/cdc/cdc_device.c.obj
                0x10005f6c                tud_cdc_n_read
 .text.tud_cdc_n_write_flush
                0x10006004       0x78 CMakeFiles/Menu_oled.dir/C_/Users/carlo/.pico-sdk/sdk/2.1.0/lib/tinyusb/src/class/cdc/cdc_device.c.obj
                0x10006004                tud_cdc_n_write_flush
 .text.tud_cdc_n_write
                0x1000607c       0x40 CMakeFiles/Menu_oled.dir/C_/Users/carlo/.pico-sdk/sdk/2.1.0/lib/tinyusb/src/class/cdc/cdc_device.c.obj
                0x1000607c                tud_cdc_n_write
 .text.tud_cdc_n_write_available
                0x100060bc       0x18 CMakeFiles/Menu_oled.dir/C_/Users/carlo/.pico-sdk/sdk/2.1.0/lib/tinyusb/src/class/cdc/cdc_device.c.obj
                0x100060bc                tud_cdc_n_write_available
 .text.cdcd_init
                0x100060d4       0x7c CMakeFiles/Menu_oled.dir/C_/Users/carlo/.pico-sdk/sdk/2.1.0/lib/tinyusb/src/class/cdc/cdc_device.c.obj
                0x100060d4                cdcd_init
 .text.cdcd_deinit
                0x10006150       0x34 CMakeFiles/Menu_oled.dir/C_/Users/carlo/.pico-sdk/sdk/2.1.0/lib/tinyusb/src/class/cdc/cdc_device.c.obj
                0x10006150                cdcd_deinit
 .text.cdcd_reset
                0x10006184       0x4c CMakeFiles/Menu_oled.dir/C_/Users/carlo/.pico-sdk/sdk/2.1.0/lib/tinyusb/src/class/cdc/cdc_device.c.obj
                0x10006184                cdcd_reset
 .text.cdcd_open
                0x100061d0       0xb0 CMakeFiles/Menu_oled.dir/C_/Users/carlo/.pico-sdk/sdk/2.1.0/lib/tinyusb/src/class/cdc/cdc_device.c.obj
                0x100061d0                cdcd_open
 .text.cdcd_control_xfer_cb
                0x10006280       0xe4 CMakeFiles/Menu_oled.dir/C_/Users/carlo/.pico-sdk/sdk/2.1.0/lib/tinyusb/src/class/cdc/cdc_device.c.obj
                0x10006280                cdcd_control_xfer_cb
 .text.cdcd_xfer_cb
                0x10006364      0x100 CMakeFiles/Menu_oled.dir/C_/Users/carlo/.pico-sdk/sdk/2.1.0/lib/tinyusb/src/class/cdc/cdc_device.c.obj
                0x10006364                cdcd_xfer_cb
 .text.vendord_init
                0x10006464       0x5c CMakeFiles/Menu_oled.dir/C_/Users/carlo/.pico-sdk/sdk/2.1.0/lib/tinyusb/src/class/vendor/vendor_device.c.obj
                0x10006464                vendord_init
 .text.vendord_deinit
                0x100064c0       0x1c CMakeFiles/Menu_oled.dir/C_/Users/carlo/.pico-sdk/sdk/2.1.0/lib/tinyusb/src/class/vendor/vendor_device.c.obj
                0x100064c0                vendord_deinit
 .text.vendord_reset
                0x100064dc       0x20 CMakeFiles/Menu_oled.dir/C_/Users/carlo/.pico-sdk/sdk/2.1.0/lib/tinyusb/src/class/vendor/vendor_device.c.obj
                0x100064dc                vendord_reset
 .text.vendord_open
                0x100064fc      0x138 CMakeFiles/Menu_oled.dir/C_/Users/carlo/.pico-sdk/sdk/2.1.0/lib/tinyusb/src/class/vendor/vendor_device.c.obj
                0x100064fc                vendord_open
 .text.vendord_xfer_cb
                0x10006634       0x9c CMakeFiles/Menu_oled.dir/C_/Users/carlo/.pico-sdk/sdk/2.1.0/lib/tinyusb/src/class/vendor/vendor_device.c.obj
                0x10006634                vendord_xfer_cb
 .text.tusb_init
                0x100066d0        0xc CMakeFiles/Menu_oled.dir/C_/Users/carlo/.pico-sdk/sdk/2.1.0/lib/tinyusb/src/tusb.c.obj
                0x100066d0                tusb_init
 .text.tu_edpt_claim
                0x100066dc       0x50 CMakeFiles/Menu_oled.dir/C_/Users/carlo/.pico-sdk/sdk/2.1.0/lib/tinyusb/src/tusb.c.obj
                0x100066dc                tu_edpt_claim
 .text.tu_edpt_release
                0x1000672c       0x38 CMakeFiles/Menu_oled.dir/C_/Users/carlo/.pico-sdk/sdk/2.1.0/lib/tinyusb/src/tusb.c.obj
                0x1000672c                tu_edpt_release
 .text.tu_edpt_validate
                0x10006764       0x7c CMakeFiles/Menu_oled.dir/C_/Users/carlo/.pico-sdk/sdk/2.1.0/lib/tinyusb/src/tusb.c.obj
                0x10006764                tu_edpt_validate
 .text.tu_edpt_bind_driver
                0x100067e0       0x34 CMakeFiles/Menu_oled.dir/C_/Users/carlo/.pico-sdk/sdk/2.1.0/lib/tinyusb/src/tusb.c.obj
                0x100067e0                tu_edpt_bind_driver
 .text.tu_edpt_stream_init
                0x10006814       0x6c CMakeFiles/Menu_oled.dir/C_/Users/carlo/.pico-sdk/sdk/2.1.0/lib/tinyusb/src/tusb.c.obj
                0x10006814                tu_edpt_stream_init
 .text.tu_edpt_stream_deinit
                0x10006880        0x4 CMakeFiles/Menu_oled.dir/C_/Users/carlo/.pico-sdk/sdk/2.1.0/lib/tinyusb/src/tusb.c.obj
                0x10006880                tu_edpt_stream_deinit
 .text.tu_edpt_stream_write_zlp_if_needed
                0x10006884       0x68 CMakeFiles/Menu_oled.dir/C_/Users/carlo/.pico-sdk/sdk/2.1.0/lib/tinyusb/src/tusb.c.obj
                0x10006884                tu_edpt_stream_write_zlp_if_needed
 .text.tu_edpt_stream_write_xfer
                0x100068ec       0x64 CMakeFiles/Menu_oled.dir/C_/Users/carlo/.pico-sdk/sdk/2.1.0/lib/tinyusb/src/tusb.c.obj
                0x100068ec                tu_edpt_stream_write_xfer
 .text.tu_edpt_stream_read_xfer
                0x10006950       0xdc CMakeFiles/Menu_oled.dir/C_/Users/carlo/.pico-sdk/sdk/2.1.0/lib/tinyusb/src/tusb.c.obj
                0x10006950                tu_edpt_stream_read_xfer
 .text.tu_fifo_config
                0x10006a2c       0x6c CMakeFiles/Menu_oled.dir/C_/Users/carlo/.pico-sdk/sdk/2.1.0/lib/tinyusb/src/common/tusb_fifo.c.obj
                0x10006a2c                tu_fifo_config
 .text.tu_fifo_count
                0x10006a98       0x2c CMakeFiles/Menu_oled.dir/C_/Users/carlo/.pico-sdk/sdk/2.1.0/lib/tinyusb/src/common/tusb_fifo.c.obj
                0x10006a98                tu_fifo_count
 .text.tu_fifo_empty
                0x10006ac4       0x10 CMakeFiles/Menu_oled.dir/C_/Users/carlo/.pico-sdk/sdk/2.1.0/lib/tinyusb/src/common/tusb_fifo.c.obj
                0x10006ac4                tu_fifo_empty
 .text.tu_fifo_remaining
                0x10006ad4       0x2c CMakeFiles/Menu_oled.dir/C_/Users/carlo/.pico-sdk/sdk/2.1.0/lib/tinyusb/src/common/tusb_fifo.c.obj
                0x10006ad4                tu_fifo_remaining
 .text.tu_fifo_read
                0x10006b00       0x9c CMakeFiles/Menu_oled.dir/C_/Users/carlo/.pico-sdk/sdk/2.1.0/lib/tinyusb/src/common/tusb_fifo.c.obj
                0x10006b00                tu_fifo_read
 .text.tu_fifo_read_n
                0x10006b9c       0xe8 CMakeFiles/Menu_oled.dir/C_/Users/carlo/.pico-sdk/sdk/2.1.0/lib/tinyusb/src/common/tusb_fifo.c.obj
                0x10006b9c                tu_fifo_read_n
 .text.tu_fifo_write
                0x10006c84       0xa8 CMakeFiles/Menu_oled.dir/C_/Users/carlo/.pico-sdk/sdk/2.1.0/lib/tinyusb/src/common/tusb_fifo.c.obj
                0x10006c84                tu_fifo_write
 .text.tu_fifo_write_n
                0x10006d2c      0x178 CMakeFiles/Menu_oled.dir/C_/Users/carlo/.pico-sdk/sdk/2.1.0/lib/tinyusb/src/common/tusb_fifo.c.obj
                0x10006d2c                tu_fifo_write_n
 .text.tu_fifo_clear
                0x10006ea4       0x40 CMakeFiles/Menu_oled.dir/C_/Users/carlo/.pico-sdk/sdk/2.1.0/lib/tinyusb/src/common/tusb_fifo.c.obj
                0x10006ea4                tu_fifo_clear
 .text.tu_fifo_set_overwritable
                0x10006ee4       0x48 CMakeFiles/Menu_oled.dir/C_/Users/carlo/.pico-sdk/sdk/2.1.0/lib/tinyusb/src/common/tusb_fifo.c.obj
                0x10006ee4                tu_fifo_set_overwritable
 .text.i2c_write_blocking_internal.constprop.0
                0x10006f2c       0xd0 CMakeFiles/Menu_oled.dir/C_/Users/carlo/.pico-sdk/sdk/2.1.0/src/rp2_common/hardware_i2c/i2c.c.obj
 .text.i2c_set_baudrate
                0x10006ffc       0xc0 CMakeFiles/Menu_oled.dir/C_/Users/carlo/.pico-sdk/sdk/2.1.0/src/rp2_common/hardware_i2c/i2c.c.obj
                0x10006ffc                i2c_set_baudrate
 .text.i2c_init
                0x100070bc       0x50 CMakeFiles/Menu_oled.dir/C_/Users/carlo/.pico-sdk/sdk/2.1.0/src/rp2_common/hardware_i2c/i2c.c.obj
                0x100070bc                i2c_init
 .text.i2c_write_blocking
                0x1000710c       0x14 CMakeFiles/Menu_oled.dir/C_/Users/carlo/.pico-sdk/sdk/2.1.0/src/rp2_common/hardware_i2c/i2c.c.obj
                0x1000710c                i2c_write_blocking
 .text.adc_init
                0x10007120       0x38 CMakeFiles/Menu_oled.dir/C_/Users/carlo/.pico-sdk/sdk/2.1.0/src/rp2_common/hardware_adc/adc.c.obj
                0x10007120                adc_init
 .text.malloc   0x10007158       0x14 C:/Users/carlo/.pico-sdk/toolchain/13_3_Rel1/bin/../lib/gcc/arm-none-eabi/13.3.1/thumb/v6-m/nofp\libg.a(libc_a-malloc.o)
                0x10007158                malloc
 .text._malloc_r
                0x1000716c      0x5c4 C:/Users/carlo/.pico-sdk/toolchain/13_3_Rel1/bin/../lib/gcc/arm-none-eabi/13.3.1/thumb/v6-m/nofp\libg.a(libc_a-mallocr.o)
                0x1000716c                _malloc_r
 .text.__malloc_lock
                0x10007730       0x10 C:/Users/carlo/.pico-sdk/toolchain/13_3_Rel1/bin/../lib/gcc/arm-none-eabi/13.3.1/thumb/v6-m/nofp\libg.a(libc_a-mlock.o)
                0x10007730                __malloc_lock
 .text.__malloc_unlock
                0x10007740       0x10 C:/Users/carlo/.pico-sdk/toolchain/13_3_Rel1/bin/../lib/gcc/arm-none-eabi/13.3.1/thumb/v6-m/nofp\libg.a(libc_a-mlock.o)
                0x10007740                __malloc_unlock
 .text._sbrk_r  0x10007750       0x24 C:/Users/carlo/.pico-sdk/toolchain/13_3_Rel1/bin/../lib/gcc/arm-none-eabi/13.3.1/thumb/v6-m/nofp\libg.a(libc_a-sbrkr.o)
                0x10007750                _sbrk_r
 .text.__errno  0x10007774        0xc C:/Users/carlo/.pico-sdk/toolchain/13_3_Rel1/bin/../lib/gcc/arm-none-eabi/13.3.1/thumb/v6-m/nofp\libg.a(libc_a-errno.o)
                0x10007774                __errno
 .text.__retarget_lock_acquire_recursive
                0x10007780        0x4 C:/Users/carlo/.pico-sdk/toolchain/13_3_Rel1/bin/../lib/gcc/arm-none-eabi/13.3.1/thumb/v6-m/nofp\libg.a(libc_a-lock.o)
                0x10007780                __retarget_lock_acquire_recursive
 .text.__retarget_lock_release_recursive
                0x10007784        0x4 C:/Users/carlo/.pico-sdk/toolchain/13_3_Rel1/bin/../lib/gcc/arm-none-eabi/13.3.1/thumb/v6-m/nofp\libg.a(libc_a-lock.o)
                0x10007784                __retarget_lock_release_recursive
 .text.sysconf  0x10007788       0x1c C:/Users/carlo/.pico-sdk/toolchain/13_3_Rel1/bin/../lib/gcc/arm-none-eabi/13.3.1/thumb/v6-m/nofp\libg.a(libc_a-sysconf.o)
                0x10007788                sysconf
 .text.strlen   0x100077a4       0x5c C:/Users/carlo/.pico-sdk/toolchain/13_3_Rel1/bin/../lib/gcc/arm-none-eabi/13.3.1/thumb/v6-m/nofp\libg.a(libc_a-strlen-stub.o)
                0x100077a4                strlen
 .text._malloc_trim_r
                0x10007800       0xb4 C:/Users/carlo/.pico-sdk/toolchain/13_3_Rel1/bin/../lib/gcc/arm-none-eabi/13.3.1/thumb/v6-m/nofp\libg.a(libc_a-freer.o)
                0x10007800                _malloc_trim_r
 .text._free_r  0x100078b4      0x1d4 C:/Users/carlo/.pico-sdk/toolchain/13_3_Rel1/bin/../lib/gcc/arm-none-eabi/13.3.1/thumb/v6-m/nofp\libg.a(libc_a-freer.o)
                0x100078b4                _free_r
 *(.fini)
 .fini          0x10007a88        0x4 C:/Users/carlo/.pico-sdk/toolchain/13_3_Rel1/bin/../lib/gcc/arm-none-eabi/13.3.1/thumb/v6-m/nofp/crti.o
                0x10007a88                _fini
 *fill*         0x10007a8c        0x4 
 .fini.__stub   0x10007a90       0xc0 linker stubs
 *crtbegin.o(.ctors)
 *crtbegin?.o(.ctors)
 *(EXCLUDE_FILE(*crtend.o *crtend?.o) .ctors)
 *(SORT_BY_NAME(.ctors.*))
 *(.ctors)
 *crtbegin.o(.dtors)
 *crtbegin?.o(.dtors)
 *(EXCLUDE_FILE(*crtend.o *crtend?.o) .dtors)
 *(SORT_BY_NAME(.dtors.*))
 *(.dtors)
                0x10007b50                        . = ALIGN (0x4)
                0x10007b50                        PROVIDE (__preinit_array_start = .)
 *(SORT_BY_NAME(.preinit_array.*))
 .preinit_array.00100
                0x10007b50        0x4 CMakeFiles/Menu_oled.dir/C_/Users/carlo/.pico-sdk/sdk/2.1.0/src/rp2_common/pico_runtime_init/runtime_init.c.obj
                0x10007b50                __pre_init_runtime_init_early_resets
 .preinit_array.00101
                0x10007b54        0x4 CMakeFiles/Menu_oled.dir/C_/Users/carlo/.pico-sdk/sdk/2.1.0/src/rp2_common/pico_runtime_init/runtime_init.c.obj
                0x10007b54                __pre_init_runtime_init_usb_power_down
 .preinit_array.00275
                0x10007b58        0x4 CMakeFiles/Menu_oled.dir/C_/Users/carlo/.pico-sdk/sdk/2.1.0/src/rp2_common/pico_bit_ops/bit_ops_aeabi.S.obj
 .preinit_array.00300
                0x10007b5c        0x4 CMakeFiles/Menu_oled.dir/C_/Users/carlo/.pico-sdk/sdk/2.1.0/src/rp2_common/pico_mem_ops/mem_ops_aeabi.S.obj
 .preinit_array.00350
                0x10007b60        0x4 CMakeFiles/Menu_oled.dir/C_/Users/carlo/.pico-sdk/sdk/2.1.0/src/rp2_common/pico_double/double_aeabi_rp2040.S.obj
 .preinit_array.00350
                0x10007b64        0x4 CMakeFiles/Menu_oled.dir/C_/Users/carlo/.pico-sdk/sdk/2.1.0/src/rp2_common/pico_float/float_aeabi_rp2040.S.obj
 .preinit_array.00500
                0x10007b68        0x4 CMakeFiles/Menu_oled.dir/C_/Users/carlo/.pico-sdk/sdk/2.1.0/src/rp2_common/pico_runtime_init/runtime_init.c.obj
                0x10007b68                __pre_init_runtime_init_clocks
 .preinit_array.00600
                0x10007b6c        0x4 CMakeFiles/Menu_oled.dir/C_/Users/carlo/.pico-sdk/sdk/2.1.0/src/rp2_common/pico_runtime_init/runtime_init.c.obj
                0x10007b6c                __pre_init_runtime_init_post_clock_resets
 .preinit_array.00700
                0x10007b70        0x4 CMakeFiles/Menu_oled.dir/C_/Users/carlo/.pico-sdk/sdk/2.1.0/src/rp2_common/pico_runtime_init/runtime_init.c.obj
                0x10007b70                __pre_init_runtime_init_rp2040_gpio_ie_disable
 .preinit_array.01000
                0x10007b74        0x4 CMakeFiles/Menu_oled.dir/C_/Users/carlo/.pico-sdk/sdk/2.1.0/src/rp2_common/pico_runtime_init/runtime_init.c.obj
                0x10007b74                __pre_init_runtime_init_spin_locks_reset
 .preinit_array.01100
                0x10007b78        0x4 CMakeFiles/Menu_oled.dir/C_/Users/carlo/.pico-sdk/sdk/2.1.0/src/common/pico_sync/mutex.c.obj
                0x10007b78                __pre_init_runtime_init_mutex
 .preinit_array.10080
                0x10007b7c        0x4 CMakeFiles/Menu_oled.dir/C_/Users/carlo/.pico-sdk/sdk/2.1.0/src/rp2_common/pico_runtime_init/runtime_init.c.obj
                0x10007b7c                __pre_init_runtime_init_install_ram_vector_table
 .preinit_array.11000
                0x10007b80        0x4 CMakeFiles/Menu_oled.dir/C_/Users/carlo/.pico-sdk/sdk/2.1.0/src/common/pico_time/time.c.obj
                0x10007b80                __pre_init_runtime_init_default_alarm_pool
 .preinit_array.YYYYY
                0x10007b84        0x4 CMakeFiles/Menu_oled.dir/C_/Users/carlo/.pico-sdk/sdk/2.1.0/src/rp2_common/pico_runtime/runtime.c.obj
                0x10007b84                __pre_init_first_per_core_initializer
 .preinit_array.ZZZZZ.01200
                0x10007b88        0x4 CMakeFiles/Menu_oled.dir/C_/Users/carlo/.pico-sdk/sdk/2.1.0/src/rp2_common/hardware_irq/irq.c.obj
                0x10007b88                __pre_init_runtime_init_per_core_irq_priorities
 *(.preinit_array)
                0x10007b8c                        PROVIDE (__preinit_array_end = .)
                0x10007b8c                        . = ALIGN (0x4)
                0x10007b8c                        PROVIDE (__init_array_start = .)
 *(SORT_BY_NAME(.init_array.*))
 *(.init_array)
 .init_array    0x10007b8c        0x4 C:/Users/carlo/.pico-sdk/toolchain/13_3_Rel1/bin/../lib/gcc/arm-none-eabi/13.3.1/thumb/v6-m/nofp/crtbegin.o
 .init_array    0x10007b90        0x4 CMakeFiles/Menu_oled.dir/C_/Users/carlo/.pico-sdk/sdk/2.1.0/src/rp2_common/pico_unique_id/unique_id.c.obj
                0x10007b94                        PROVIDE (__init_array_end = .)
                0x10007b94                        . = ALIGN (0x4)
                [!provide]                        PROVIDE (__fini_array_start = .)
 *(SORT_BY_NAME(.fini_array.*))
 *(.fini_array)
                [!provide]                        PROVIDE (__fini_array_end = .)
 *(.eh_frame*)
 .eh_frame      0x10007b94        0x0 C:/Users/carlo/.pico-sdk/toolchain/13_3_Rel1/bin/../lib/gcc/arm-none-eabi/13.3.1/thumb/v6-m/nofp/crtbegin.o
                0x10007b94                        . = ALIGN (0x4)

.glue_7         0x10007b94        0x0
 .glue_7        0x10007b94        0x0 linker stubs

.glue_7t        0x10007b94        0x0
 .glue_7t       0x10007b94        0x0 linker stubs

.vfp11_veneer   0x10007b94        0x0
 .vfp11_veneer  0x10007b94        0x0 linker stubs

.v4_bx          0x10007b94        0x0
 .v4_bx         0x10007b94        0x0 linker stubs

.iplt           0x10007b94        0x0
 .iplt          0x10007b94        0x0 C:/Users/carlo/.pico-sdk/toolchain/13_3_Rel1/bin/../lib/gcc/arm-none-eabi/13.3.1/thumb/v6-m/nofp/crtbegin.o

.rodata         0x10007b98      0xbc4
 *(EXCLUDE_FILE(*libm.a: *libc.a:*lib_a-mem*.o *libgcc.a:) .rodata*)
 .rodata.print_menu.str1.4
                0x10007b98      0x254 CMakeFiles/Menu_oled.dir/Menu_oled.c.obj
                                 0x2c (size before relaxing)
 .rodata.executar_programa.str1.4
                0x10007dec       0x39 CMakeFiles/Menu_oled.dir/Menu_oled.c.obj
 .rodata.note_duration
                0x10007dec      0x140 CMakeFiles/Menu_oled.dir/Menu_oled.c.obj
                0x10007dec                note_duration
 .rodata.star_wars_notes
                0x10007f2c      0x1a0 CMakeFiles/Menu_oled.dir/Menu_oled.c.obj
                0x10007f2c                star_wars_notes
 .rodata.ssd1306_init.str1.4
                0x100080cc       0x3f CMakeFiles/Menu_oled.dir/ssd1306.c.obj
 .rodata.ssd1306_show.str1.4
                0x100080cc        0xd CMakeFiles/Menu_oled.dir/ssd1306.c.obj
 .rodata.font_8x5
                0x100080cc      0x1e0 CMakeFiles/Menu_oled.dir/ssd1306.c.obj
                0x100080cc                font_8x5
 .rodata.panic.str1.4
                0x100082ac       0x12 CMakeFiles/Menu_oled.dir/C_/Users/carlo/.pico-sdk/sdk/2.1.0/src/rp2_common/pico_platform_panic/panic.c.obj
 .rodata.spin_lock_claim_unused.str1.4
                0x100082ac       0x1b CMakeFiles/Menu_oled.dir/C_/Users/carlo/.pico-sdk/sdk/2.1.0/src/rp2_common/hardware_sync/sync.c.obj
 .rodata.user_irq_claim_unused.str1.4
                0x100082ac       0x1b CMakeFiles/Menu_oled.dir/C_/Users/carlo/.pico-sdk/sdk/2.1.0/src/rp2_common/hardware_irq/irq.c.obj
 .rodata.timer_hardware_alarm_claim.str1.4
                0x100082ac       0x22 CMakeFiles/Menu_oled.dir/C_/Users/carlo/.pico-sdk/sdk/2.1.0/src/rp2_common/hardware_timer/timer.c.obj
 .rodata.hard_assertion_failure.str1.4
                0x100082ac        0xc CMakeFiles/Menu_oled.dir/C_/Users/carlo/.pico-sdk/sdk/2.1.0/src/rp2_common/pico_runtime/runtime.c.obj
 .rodata.missing_double_func_shim.str1.4
                0x100082ac       0x18 CMakeFiles/Menu_oled.dir/C_/Users/carlo/.pico-sdk/sdk/2.1.0/src/rp2_common/pico_double/double_init_rom_rp2040.c.obj
 .rodata.missing_float_func_shim.str1.4
                0x100082ac        0x1 CMakeFiles/Menu_oled.dir/C_/Users/carlo/.pico-sdk/sdk/2.1.0/src/rp2_common/pico_float/float_init_rom_rp2040.c.obj
 .rodata.__wrap_malloc.str1.4
                0x100082ac        0xe CMakeFiles/Menu_oled.dir/C_/Users/carlo/.pico-sdk/sdk/2.1.0/src/rp2_common/pico_malloc/malloc.c.obj
 .rodata.str1.4
                0x100082ac       0x44 CMakeFiles/Menu_oled.dir/C_/Users/carlo/.pico-sdk/sdk/2.1.0/src/rp2_common/pico_standard_binary_info/standard_binary_info.c.obj
 .rodata.__bi_84
                0x100082ac        0xc CMakeFiles/Menu_oled.dir/C_/Users/carlo/.pico-sdk/sdk/2.1.0/src/rp2_common/pico_standard_binary_info/standard_binary_info.c.obj
 .rodata.__bi_78
                0x100082b8        0xc CMakeFiles/Menu_oled.dir/C_/Users/carlo/.pico-sdk/sdk/2.1.0/src/rp2_common/pico_standard_binary_info/standard_binary_info.c.obj
 .rodata.__bi_60
                0x100082c4        0xc CMakeFiles/Menu_oled.dir/C_/Users/carlo/.pico-sdk/sdk/2.1.0/src/rp2_common/pico_standard_binary_info/standard_binary_info.c.obj
 .rodata.__bi_54
                0x100082d0        0xc CMakeFiles/Menu_oled.dir/C_/Users/carlo/.pico-sdk/sdk/2.1.0/src/rp2_common/pico_standard_binary_info/standard_binary_info.c.obj
 .rodata.__bi_48
                0x100082dc        0xc CMakeFiles/Menu_oled.dir/C_/Users/carlo/.pico-sdk/sdk/2.1.0/src/rp2_common/pico_standard_binary_info/standard_binary_info.c.obj
 .rodata.__bi_42
                0x100082e8        0xc CMakeFiles/Menu_oled.dir/C_/Users/carlo/.pico-sdk/sdk/2.1.0/src/rp2_common/pico_standard_binary_info/standard_binary_info.c.obj
 .rodata.__bi_34
                0x100082f4        0xc CMakeFiles/Menu_oled.dir/C_/Users/carlo/.pico-sdk/sdk/2.1.0/src/rp2_common/pico_standard_binary_info/standard_binary_info.c.obj
 .rodata.__bi_26
                0x10008300        0xc CMakeFiles/Menu_oled.dir/C_/Users/carlo/.pico-sdk/sdk/2.1.0/src/rp2_common/pico_standard_binary_info/standard_binary_info.c.obj
 .rodata._ftoa.str1.4
                0x1000830c       0x15 CMakeFiles/Menu_oled.dir/C_/Users/carlo/.pico-sdk/sdk/2.1.0/src/rp2_common/pico_printf/printf.c.obj
 .rodata._vsnprintf
                0x1000830c      0x19c CMakeFiles/Menu_oled.dir/C_/Users/carlo/.pico-sdk/sdk/2.1.0/src/rp2_common/pico_printf/printf.c.obj
 .rodata.pow10.0
                0x100084a8       0x50 CMakeFiles/Menu_oled.dir/C_/Users/carlo/.pico-sdk/sdk/2.1.0/src/rp2_common/pico_printf/printf.c.obj
 .rodata.crlf_str.0
                0x100084f8        0x2 CMakeFiles/Menu_oled.dir/C_/Users/carlo/.pico-sdk/sdk/2.1.0/src/rp2_common/pico_stdio/stdio.c.obj
 *fill*         0x100084fa        0x2 
 .rodata._resetd_driver
                0x100084fc       0x20 CMakeFiles/Menu_oled.dir/C_/Users/carlo/.pico-sdk/sdk/2.1.0/src/rp2_common/pico_stdio_usb/reset_interface.c.obj
 .rodata.desc_ms_os_20
                0x1000851c       0xa6 CMakeFiles/Menu_oled.dir/C_/Users/carlo/.pico-sdk/sdk/2.1.0/src/rp2_common/pico_stdio_usb/reset_interface.c.obj
 *fill*         0x100085c2        0x2 
 .rodata.desc_bos
                0x100085c4       0x21 CMakeFiles/Menu_oled.dir/C_/Users/carlo/.pico-sdk/sdk/2.1.0/src/rp2_common/pico_stdio_usb/reset_interface.c.obj
                0x100085c4                desc_bos
 .rodata.str1.4
                0x100085e5       0x13 CMakeFiles/Menu_oled.dir/C_/Users/carlo/.pico-sdk/sdk/2.1.0/src/rp2_common/pico_stdio_usb/stdio_usb.c.obj
 *fill*         0x100085e5        0x3 
 .rodata.__bi_197.0
                0x100085e8        0xc CMakeFiles/Menu_oled.dir/C_/Users/carlo/.pico-sdk/sdk/2.1.0/src/rp2_common/pico_stdio_usb/stdio_usb.c.obj
 .rodata.str1.4
                0x100085f4       0x2a CMakeFiles/Menu_oled.dir/C_/Users/carlo/.pico-sdk/sdk/2.1.0/src/rp2_common/pico_stdio_usb/stdio_usb_descriptors.c.obj
 .rodata.usbd_desc_str
                0x100085f4       0x18 CMakeFiles/Menu_oled.dir/C_/Users/carlo/.pico-sdk/sdk/2.1.0/src/rp2_common/pico_stdio_usb/stdio_usb_descriptors.c.obj
 .rodata.usbd_desc_cfg
                0x1000860c       0x54 CMakeFiles/Menu_oled.dir/C_/Users/carlo/.pico-sdk/sdk/2.1.0/src/rp2_common/pico_stdio_usb/stdio_usb_descriptors.c.obj
 .rodata.usbd_desc_device
                0x10008660       0x12 CMakeFiles/Menu_oled.dir/C_/Users/carlo/.pico-sdk/sdk/2.1.0/src/rp2_common/pico_stdio_usb/stdio_usb_descriptors.c.obj
 .rodata.str1.4
                0x10008672       0x14 CMakeFiles/Menu_oled.dir/C_/Users/carlo/.pico-sdk/sdk/2.1.0/lib/tinyusb/src/portable/raspberrypi/rp2040/dcd_rp2040.c.obj
 .rodata.str1.4
                0x10008672       0x48 CMakeFiles/Menu_oled.dir/C_/Users/carlo/.pico-sdk/sdk/2.1.0/lib/tinyusb/src/portable/raspberrypi/rp2040/rp2040_usb.c.obj
 *fill*         0x10008672        0x2 
 .rodata.tud_task_ext
                0x10008674       0x8c CMakeFiles/Menu_oled.dir/C_/Users/carlo/.pico-sdk/sdk/2.1.0/lib/tinyusb/src/device/usbd.c.obj
 .rodata        0x10008700       0x1c CMakeFiles/Menu_oled.dir/C_/Users/carlo/.pico-sdk/sdk/2.1.0/lib/tinyusb/src/device/usbd.c.obj
 .rodata._usbd_driver
                0x1000871c       0x40 CMakeFiles/Menu_oled.dir/C_/Users/carlo/.pico-sdk/sdk/2.1.0/lib/tinyusb/src/device/usbd.c.obj
                0x1000875c                        . = ALIGN (0x4)
 *(SORT_BY_ALIGNMENT(SORT_BY_NAME(.flashdata*)))
                0x1000875c                        . = ALIGN (0x4)

.ARM.extab
 *(.ARM.extab* .gnu.linkonce.armextab.*)
                0x1000875c                        __exidx_start = .

.ARM.exidx
 *(.ARM.exidx* .gnu.linkonce.armexidx.*)
                0x1000875c                        __exidx_end = .
                0x1000875c                        . = ALIGN (0x4)
                0x1000875c                        __binary_info_start = .

.binary_info    0x1000875c       0x24
 *(.binary_info.keep.*)
 .binary_info.keep.__bi_ptr84
                0x1000875c        0x4 CMakeFiles/Menu_oled.dir/C_/Users/carlo/.pico-sdk/sdk/2.1.0/src/rp2_common/pico_standard_binary_info/standard_binary_info.c.obj
 .binary_info.keep.__bi_ptr78
                0x10008760        0x4 CMakeFiles/Menu_oled.dir/C_/Users/carlo/.pico-sdk/sdk/2.1.0/src/rp2_common/pico_standard_binary_info/standard_binary_info.c.obj
 .binary_info.keep.__bi_ptr60
                0x10008764        0x4 CMakeFiles/Menu_oled.dir/C_/Users/carlo/.pico-sdk/sdk/2.1.0/src/rp2_common/pico_standard_binary_info/standard_binary_info.c.obj
 .binary_info.keep.__bi_ptr54
                0x10008768        0x4 CMakeFiles/Menu_oled.dir/C_/Users/carlo/.pico-sdk/sdk/2.1.0/src/rp2_common/pico_standard_binary_info/standard_binary_info.c.obj
 .binary_info.keep.__bi_ptr48
                0x1000876c        0x4 CMakeFiles/Menu_oled.dir/C_/Users/carlo/.pico-sdk/sdk/2.1.0/src/rp2_common/pico_standard_binary_info/standard_binary_info.c.obj
 .binary_info.keep.__bi_ptr42
                0x10008770        0x4 CMakeFiles/Menu_oled.dir/C_/Users/carlo/.pico-sdk/sdk/2.1.0/src/rp2_common/pico_standard_binary_info/standard_binary_info.c.obj
 .binary_info.keep.__bi_ptr34
                0x10008774        0x4 CMakeFiles/Menu_oled.dir/C_/Users/carlo/.pico-sdk/sdk/2.1.0/src/rp2_common/pico_standard_binary_info/standard_binary_info.c.obj
 .binary_info.keep.__bi_ptr26
                0x10008778        0x4 CMakeFiles/Menu_oled.dir/C_/Users/carlo/.pico-sdk/sdk/2.1.0/src/rp2_common/pico_standard_binary_info/standard_binary_info.c.obj
 *(.binary_info.*)
 .binary_info.__bi_ptr197
                0x1000877c        0x4 CMakeFiles/Menu_oled.dir/C_/Users/carlo/.pico-sdk/sdk/2.1.0/src/rp2_common/pico_stdio_usb/stdio_usb.c.obj
                0x10008780                        __binary_info_end = .

.rel.dyn        0x10008780        0x0
 .rel.iplt      0x10008780        0x0 C:/Users/carlo/.pico-sdk/toolchain/13_3_Rel1/bin/../lib/gcc/arm-none-eabi/13.3.1/thumb/v6-m/nofp/crtbegin.o
                0x10008780                        . = ALIGN (0x4)

.ram_vector_table
                0x20000000       0xc0
 *(.ram_vector_table)
 .ram_vector_table
                0x20000000       0xc0 CMakeFiles/Menu_oled.dir/C_/Users/carlo/.pico-sdk/sdk/2.1.0/src/rp2_common/pico_runtime_init/runtime_init.c.obj
                0x20000000                ram_vector_table

.uninitialized_data
                0x200000c0        0x0
                0x200000c0                        . = ALIGN (0x4)
 *(.uninitialized_data*)

.data           0x200000c0     0x1508 load address 0x10008780
                0x200000c0                        __data_start__ = .
 *(vtable)
 *(.time_critical*)
 .time_critical.mutex_try_enter
                0x200000c0       0x40 CMakeFiles/Menu_oled.dir/C_/Users/carlo/.pico-sdk/sdk/2.1.0/src/common/pico_sync/mutex.c.obj
                0x200000c0                mutex_try_enter
 .time_critical.mutex_try_enter_block_until
                0x20000100       0x9c CMakeFiles/Menu_oled.dir/C_/Users/carlo/.pico-sdk/sdk/2.1.0/src/common/pico_sync/mutex.c.obj
                0x20000100                mutex_try_enter_block_until
 .time_critical.mutex_enter_timeout_ms
                0x2000019c       0x90 CMakeFiles/Menu_oled.dir/C_/Users/carlo/.pico-sdk/sdk/2.1.0/src/common/pico_sync/mutex.c.obj
                0x2000019c                mutex_enter_timeout_ms
 .time_critical.mutex_exit
                0x2000022c       0x28 CMakeFiles/Menu_oled.dir/C_/Users/carlo/.pico-sdk/sdk/2.1.0/src/common/pico_sync/mutex.c.obj
                0x2000022c                mutex_exit
 .time_critical.flash_init_boot2_copyout
                0x20000254       0x30 CMakeFiles/Menu_oled.dir/C_/Users/carlo/.pico-sdk/sdk/2.1.0/src/rp2_common/hardware_flash/flash.c.obj
 .time_critical.flash_enable_xip_via_boot2
                0x20000284        0xc CMakeFiles/Menu_oled.dir/C_/Users/carlo/.pico-sdk/sdk/2.1.0/src/rp2_common/hardware_flash/flash.c.obj
 .time_critical.flash_cs_force
                0x20000290       0x38 CMakeFiles/Menu_oled.dir/C_/Users/carlo/.pico-sdk/sdk/2.1.0/src/rp2_common/hardware_flash/flash.c.obj
 .time_critical.flash_do_cmd
                0x200002c8       0xc0 CMakeFiles/Menu_oled.dir/C_/Users/carlo/.pico-sdk/sdk/2.1.0/src/rp2_common/hardware_flash/flash.c.obj
                0x200002c8                flash_do_cmd
 .time_critical.reset_non_control_endpoints
                0x20000388       0x68 CMakeFiles/Menu_oled.dir/C_/Users/carlo/.pico-sdk/sdk/2.1.0/lib/tinyusb/src/portable/raspberrypi/rp2040/dcd_rp2040.c.obj
 .time_critical.hw_handle_buff_status
                0x200003f0       0xb0 CMakeFiles/Menu_oled.dir/C_/Users/carlo/.pico-sdk/sdk/2.1.0/lib/tinyusb/src/portable/raspberrypi/rp2040/dcd_rp2040.c.obj
 .time_critical.dcd_rp2040_irq
                0x200004a0      0x578 CMakeFiles/Menu_oled.dir/C_/Users/carlo/.pico-sdk/sdk/2.1.0/lib/tinyusb/src/portable/raspberrypi/rp2040/dcd_rp2040.c.obj
 .time_critical.prepare_ep_buffer
                0x20000a18       0xe0 CMakeFiles/Menu_oled.dir/C_/Users/carlo/.pico-sdk/sdk/2.1.0/lib/tinyusb/src/portable/raspberrypi/rp2040/rp2040_usb.c.obj
 .time_critical.sync_ep_buffer
                0x20000af8       0xa8 CMakeFiles/Menu_oled.dir/C_/Users/carlo/.pico-sdk/sdk/2.1.0/lib/tinyusb/src/portable/raspberrypi/rp2040/rp2040_usb.c.obj
 .time_critical._hw_endpoint_xfer_sync
                0x20000ba0       0x28 CMakeFiles/Menu_oled.dir/C_/Users/carlo/.pico-sdk/sdk/2.1.0/lib/tinyusb/src/portable/raspberrypi/rp2040/rp2040_usb.c.obj
 .time_critical.e15_is_bulkin_ep
                0x20000bc8       0x28 CMakeFiles/Menu_oled.dir/C_/Users/carlo/.pico-sdk/sdk/2.1.0/lib/tinyusb/src/portable/raspberrypi/rp2040/rp2040_usb.c.obj
 .time_critical.e15_is_critical_frame_period
                0x20000bf0       0x34 CMakeFiles/Menu_oled.dir/C_/Users/carlo/.pico-sdk/sdk/2.1.0/lib/tinyusb/src/portable/raspberrypi/rp2040/rp2040_usb.c.obj
 .time_critical.hw_endpoint_reset_transfer
                0x20000c24        0xc CMakeFiles/Menu_oled.dir/C_/Users/carlo/.pico-sdk/sdk/2.1.0/lib/tinyusb/src/portable/raspberrypi/rp2040/rp2040_usb.c.obj
                0x20000c24                hw_endpoint_reset_transfer
 .time_critical._hw_endpoint_buffer_control_update32
                0x20000c30       0x50 CMakeFiles/Menu_oled.dir/C_/Users/carlo/.pico-sdk/sdk/2.1.0/lib/tinyusb/src/portable/raspberrypi/rp2040/rp2040_usb.c.obj
                0x20000c30                _hw_endpoint_buffer_control_update32
 .time_critical.hw_endpoint_start_next_buffer
                0x20000c80       0x6c CMakeFiles/Menu_oled.dir/C_/Users/carlo/.pico-sdk/sdk/2.1.0/lib/tinyusb/src/portable/raspberrypi/rp2040/rp2040_usb.c.obj
                0x20000c80                hw_endpoint_start_next_buffer
 .time_critical.hw_endpoint_xfer_continue
                0x20000cec       0x40 CMakeFiles/Menu_oled.dir/C_/Users/carlo/.pico-sdk/sdk/2.1.0/lib/tinyusb/src/portable/raspberrypi/rp2040/rp2040_usb.c.obj
                0x20000cec                hw_endpoint_xfer_continue
 .time_critical.tinyusb
                0x20000d2c      0x1e4 CMakeFiles/Menu_oled.dir/C_/Users/carlo/.pico-sdk/sdk/2.1.0/lib/tinyusb/src/device/usbd.c.obj
                0x20000d2c                dcd_event_handler
 *(.text*)
 .text          0x20000f10        0x4 C:/Users/carlo/.pico-sdk/toolchain/13_3_Rel1/bin/../lib/gcc/arm-none-eabi/13.3.1/thumb/v6-m/nofp\libgcc.a(_dvmd_tls.o)
                0x20000f10                __aeabi_idiv0
                0x20000f10                __aeabi_ldiv0
 *fill*         0x20000f14        0x4 
 .text.__stub   0x20000f18       0x80 linker stubs
                0x20000f98                        . = ALIGN (0x4)
 *(.rodata*)
                0x20000f98                        . = ALIGN (0x4)
 *(.data*)
 .data.led_r_level
                0x20000f98        0x2 CMakeFiles/Menu_oled.dir/Menu_oled.c.obj
                0x20000f98                led_r_level
 .data.led_level
                0x20000f9a        0x2 CMakeFiles/Menu_oled.dir/Menu_oled.c.obj
                0x20000f9a                led_level
 .data.striped_spin_lock_num
                0x20000f9c        0x1 CMakeFiles/Menu_oled.dir/C_/Users/carlo/.pico-sdk/sdk/2.1.0/src/rp2_common/hardware_sync/sync.c.obj
 *fill*         0x20000f9d        0x3 
 .data          0x20000fa0       0x48 CMakeFiles/Menu_oled.dir/C_/Users/carlo/.pico-sdk/sdk/2.1.0/src/rp2_common/hardware_irq/irq_handler_chain.S.obj
                0x20000fa0                irq_handler_chain_slots
                0x20000fd0                irq_handler_chain_first_slot
                0x20000fda                irq_handler_chain_remove_tail
 .data.default_alarm_pool
                0x20000fe8       0x18 CMakeFiles/Menu_oled.dir/C_/Users/carlo/.pico-sdk/sdk/2.1.0/src/common/pico_time/time.c.obj
 *fill*         0x20001000        0x0 
 .data.aeabi_bits_funcs
                0x20001000       0x10 CMakeFiles/Menu_oled.dir/C_/Users/carlo/.pico-sdk/sdk/2.1.0/src/rp2_common/pico_bit_ops/bit_ops_aeabi.S.obj
                0x20001000                aeabi_bits_funcs
                0x20001010                aeabi_bits_funcs_end
 .data.aeabi_mem_funcs
                0x20001010       0x10 CMakeFiles/Menu_oled.dir/C_/Users/carlo/.pico-sdk/sdk/2.1.0/src/rp2_common/pico_mem_ops/mem_ops_aeabi.S.obj
                0x20001010                aeabi_mem_funcs
                0x20001020                aeabi_mem_funcs_end
 .data.stdio_usb
                0x20001020       0x18 CMakeFiles/Menu_oled.dir/C_/Users/carlo/.pico-sdk/sdk/2.1.0/src/rp2_common/pico_stdio_usb/stdio_usb.c.obj
                0x20001020                stdio_usb
 .data._usbd_qdef
                0x20001038       0x1c CMakeFiles/Menu_oled.dir/C_/Users/carlo/.pico-sdk/sdk/2.1.0/lib/tinyusb/src/device/usbd.c.obj
                0x20001038                _usbd_qdef
 .data._usbd_rhport
                0x20001054        0x1 CMakeFiles/Menu_oled.dir/C_/Users/carlo/.pico-sdk/sdk/2.1.0/lib/tinyusb/src/device/usbd.c.obj
 *fill*         0x20001055        0x3 
 .data.i2c1_inst
                0x20001058        0x8 CMakeFiles/Menu_oled.dir/C_/Users/carlo/.pico-sdk/sdk/2.1.0/src/rp2_common/hardware_i2c/i2c.c.obj
                0x20001058                i2c1_inst
 .data.i2c0_inst
                0x20001060        0x8 CMakeFiles/Menu_oled.dir/C_/Users/carlo/.pico-sdk/sdk/2.1.0/src/rp2_common/hardware_i2c/i2c.c.obj
                0x20001060                i2c0_inst
 .data.__malloc_sbrk_base
                0x20001068        0x4 C:/Users/carlo/.pico-sdk/toolchain/13_3_Rel1/bin/../lib/gcc/arm-none-eabi/13.3.1/thumb/v6-m/nofp\libg.a(libc_a-mallocr.o)
                0x20001068                __malloc_sbrk_base
 .data.__malloc_trim_threshold
                0x2000106c        0x4 C:/Users/carlo/.pico-sdk/toolchain/13_3_Rel1/bin/../lib/gcc/arm-none-eabi/13.3.1/thumb/v6-m/nofp\libg.a(libc_a-mallocr.o)
                0x2000106c                __malloc_trim_threshold
 .data.__malloc_av_
                0x20001070      0x408 C:/Users/carlo/.pico-sdk/toolchain/13_3_Rel1/bin/../lib/gcc/arm-none-eabi/13.3.1/thumb/v6-m/nofp\libg.a(libc_a-mallocr.o)
                0x20001070                __malloc_av_
 .data._impure_ptr
                0x20001478        0x4 C:/Users/carlo/.pico-sdk/toolchain/13_3_Rel1/bin/../lib/gcc/arm-none-eabi/13.3.1/thumb/v6-m/nofp\libg.a(libc_a-impure.o)
                0x20001478                _impure_ptr
 *fill*         0x2000147c        0x4 
 .data._impure_data
                0x20001480      0x140 C:/Users/carlo/.pico-sdk/toolchain/13_3_Rel1/bin/../lib/gcc/arm-none-eabi/13.3.1/thumb/v6-m/nofp\libg.a(libc_a-impure.o)
                0x20001480                _impure_data
                0x200015c0                        . = ALIGN (0x4)
 *(.after_data.*)
                0x200015c0                        . = ALIGN (0x4)
                0x200015c0                        PROVIDE (__mutex_array_start = .)
 *(SORT_BY_NAME(.mutex_array.*))
 *(.mutex_array)
 .mutex_array   0x200015c0        0x8 CMakeFiles/Menu_oled.dir/C_/Users/carlo/.pico-sdk/sdk/2.1.0/src/rp2_common/pico_stdio/stdio.c.obj
                0x200015c8                        PROVIDE (__mutex_array_end = .)
                0x200015c8                        . = ALIGN (0x4)
 *(.jcr)
                0x200015c8                        . = ALIGN (0x4)

.tm_clone_table
                0x200015c8        0x0 load address 0x10009c88
 .tm_clone_table
                0x200015c8        0x0 C:/Users/carlo/.pico-sdk/toolchain/13_3_Rel1/bin/../lib/gcc/arm-none-eabi/13.3.1/thumb/v6-m/nofp/crtbegin.o
 .tm_clone_table
                0x200015c8        0x0 C:/Users/carlo/.pico-sdk/toolchain/13_3_Rel1/bin/../lib/gcc/arm-none-eabi/13.3.1/thumb/v6-m/nofp/crtend.o

.igot.plt       0x200015c8        0x0 load address 0x10009c88
 .igot.plt      0x200015c8        0x0 C:/Users/carlo/.pico-sdk/toolchain/13_3_Rel1/bin/../lib/gcc/arm-none-eabi/13.3.1/thumb/v6-m/nofp/crtbegin.o

.tdata          0x200015c8        0x0 load address 0x10009c88
                0x200015c8                        . = ALIGN (0x4)
 *(.tdata .tdata.* .gnu.linkonce.td.*)
                0x200015c8                        __tdata_end = .
                0x200015c8                        PROVIDE (__data_end__ = .)
                0x10008780                        __etext = LOADADDR (.data)

.tbss           0x200015c8        0x0 load address 0x10009c88
                0x200015c8                        . = ALIGN (0x4)
                0x200015c8                        __bss_start__ = .
                0x200015c8                        __tls_base = .
 *(.tbss .tbss.* .gnu.linkonce.tb.*)
 *(.tcommon)
                0x200015c8                        __tls_end = .

.bss            0x200015c8     0x1210 load address 0x10009c88
                0x200015c8                        . = ALIGN (0x4)
                0x200015c8                        __tbss_end = .
 *(SORT_BY_ALIGNMENT(SORT_BY_NAME(.bss*)))
 .bss.default_alarm_pool_entries
                0x200015c8      0x180 CMakeFiles/Menu_oled.dir/C_/Users/carlo/.pico-sdk/sdk/2.1.0/src/common/pico_time/time.c.obj
 .bss.last_avail_time.1
                0x20001748        0x8 CMakeFiles/Menu_oled.dir/C_/Users/carlo/.pico-sdk/sdk/2.1.0/src/rp2_common/pico_stdio_usb/stdio_usb.c.obj
 .bss.sd_table  0x20001750      0x100 CMakeFiles/Menu_oled.dir/C_/Users/carlo/.pico-sdk/sdk/2.1.0/src/rp2_common/pico_double/double_init_rom_rp2040.c.obj
                0x20001750                sd_table
 .bss.__lock___malloc_recursive_mutex
                0x20001850        0x1 C:/Users/carlo/.pico-sdk/toolchain/13_3_Rel1/bin/../lib/gcc/arm-none-eabi/13.3.1/thumb/v6-m/nofp\libg.a(libc_a-lock.o)
                0x20001850                __lock___malloc_recursive_mutex
 *fill*         0x20001851        0x3 
 .bss.__malloc_current_mallinfo
                0x20001854       0x28 C:/Users/carlo/.pico-sdk/toolchain/13_3_Rel1/bin/../lib/gcc/arm-none-eabi/13.3.1/thumb/v6-m/nofp\libg.a(libc_a-mallocr.o)
                0x20001854                __malloc_current_mallinfo
 .bss.__malloc_max_sbrked_mem
                0x2000187c        0x4 C:/Users/carlo/.pico-sdk/toolchain/13_3_Rel1/bin/../lib/gcc/arm-none-eabi/13.3.1/thumb/v6-m/nofp\libg.a(libc_a-mallocr.o)
                0x2000187c                __malloc_max_sbrked_mem
 .bss.__malloc_max_total_mem
                0x20001880        0x4 C:/Users/carlo/.pico-sdk/toolchain/13_3_Rel1/bin/../lib/gcc/arm-none-eabi/13.3.1/thumb/v6-m/nofp\libg.a(libc_a-mallocr.o)
                0x20001880                __malloc_max_total_mem
 .bss.__malloc_top_pad
                0x20001884        0x4 C:/Users/carlo/.pico-sdk/toolchain/13_3_Rel1/bin/../lib/gcc/arm-none-eabi/13.3.1/thumb/v6-m/nofp\libg.a(libc_a-mallocr.o)
                0x20001884                __malloc_top_pad
 .bss.__sf      0x20001888      0x138 C:/Users/carlo/.pico-sdk/toolchain/13_3_Rel1/bin/../lib/gcc/arm-none-eabi/13.3.1/thumb/v6-m/nofp\libg.a(libc_a-findfp.o)
                0x20001888                __sf
 .bss._app_driver
                0x200019c0        0x4 CMakeFiles/Menu_oled.dir/C_/Users/carlo/.pico-sdk/sdk/2.1.0/lib/tinyusb/src/device/usbd.c.obj
 .bss._cdcd_fifo_cfg
                0x200019c4        0x1 CMakeFiles/Menu_oled.dir/C_/Users/carlo/.pico-sdk/sdk/2.1.0/lib/tinyusb/src/class/cdc/cdc_device.c.obj
 *fill*         0x200019c5        0x3 
 .bss._cdcd_itf
                0x200019c8      0x2c8 CMakeFiles/Menu_oled.dir/C_/Users/carlo/.pico-sdk/sdk/2.1.0/lib/tinyusb/src/class/cdc/cdc_device.c.obj
 .bss._ctrl_xfer
                0x20001c90       0x14 CMakeFiles/Menu_oled.dir/C_/Users/carlo/.pico-sdk/sdk/2.1.0/lib/tinyusb/src/device/usbd_control.c.obj
 .bss._ubsd_mutexdef
                0x20001ca4        0x8 CMakeFiles/Menu_oled.dir/C_/Users/carlo/.pico-sdk/sdk/2.1.0/lib/tinyusb/src/device/usbd.c.obj
 .bss._usbd_ctrl_buf
                0x20001cac       0x40 CMakeFiles/Menu_oled.dir/C_/Users/carlo/.pico-sdk/sdk/2.1.0/lib/tinyusb/src/device/usbd_control.c.obj
 .bss._usbd_dev
                0x20001cec       0x54 CMakeFiles/Menu_oled.dir/C_/Users/carlo/.pico-sdk/sdk/2.1.0/lib/tinyusb/src/device/usbd.c.obj
 .bss._usbd_mutex
                0x20001d40        0x4 CMakeFiles/Menu_oled.dir/C_/Users/carlo/.pico-sdk/sdk/2.1.0/lib/tinyusb/src/device/usbd.c.obj
 .bss._usbd_q   0x20001d44        0x4 CMakeFiles/Menu_oled.dir/C_/Users/carlo/.pico-sdk/sdk/2.1.0/lib/tinyusb/src/device/usbd.c.obj
 .bss._usbd_qdef_buf
                0x20001d48       0xc0 CMakeFiles/Menu_oled.dir/C_/Users/carlo/.pico-sdk/sdk/2.1.0/lib/tinyusb/src/device/usbd.c.obj
                0x20001d48                _usbd_qdef_buf
 .bss._vendord_itf
                0x20001e08      0x2cc CMakeFiles/Menu_oled.dir/C_/Users/carlo/.pico-sdk/sdk/2.1.0/lib/tinyusb/src/class/vendor/vendor_device.c.obj
 .bss.boot2_copyout
                0x200020d4      0x100 CMakeFiles/Menu_oled.dir/C_/Users/carlo/.pico-sdk/sdk/2.1.0/src/rp2_common/hardware_flash/flash.c.obj
 .bss.chars_available_callback
                0x200021d4        0x4 CMakeFiles/Menu_oled.dir/C_/Users/carlo/.pico-sdk/sdk/2.1.0/src/rp2_common/pico_stdio_usb/stdio_usb.c.obj
 .bss.chars_available_param
                0x200021d8        0x4 CMakeFiles/Menu_oled.dir/C_/Users/carlo/.pico-sdk/sdk/2.1.0/src/rp2_common/pico_stdio_usb/stdio_usb.c.obj
 .bss.claimed   0x200021dc        0x4 CMakeFiles/Menu_oled.dir/C_/Users/carlo/.pico-sdk/sdk/2.1.0/src/rp2_common/hardware_sync/sync.c.obj
 .bss.claimed   0x200021e0        0x1 CMakeFiles/Menu_oled.dir/C_/Users/carlo/.pico-sdk/sdk/2.1.0/src/rp2_common/hardware_timer/timer.c.obj
 *fill*         0x200021e1        0x3 
 .bss.configured_freq
                0x200021e4       0x28 CMakeFiles/Menu_oled.dir/C_/Users/carlo/.pico-sdk/sdk/2.1.0/src/rp2_common/hardware_clocks/clocks.c.obj
 .bss.desc_str.0
                0x2000220c       0x28 CMakeFiles/Menu_oled.dir/C_/Users/carlo/.pico-sdk/sdk/2.1.0/src/rp2_common/pico_stdio_usb/stdio_usb_descriptors.c.obj
 .bss.disp      0x20002234       0x14 CMakeFiles/Menu_oled.dir/Menu_oled.c.obj
                0x20002234                disp
 .bss.drivers   0x20002248        0x4 CMakeFiles/Menu_oled.dir/C_/Users/carlo/.pico-sdk/sdk/2.1.0/src/rp2_common/pico_stdio/stdio.c.obj
 .bss.e15_last_sof
                0x2000224c        0x4 CMakeFiles/Menu_oled.dir/C_/Users/carlo/.pico-sdk/sdk/2.1.0/lib/tinyusb/src/portable/raspberrypi/rp2040/rp2040_usb.c.obj
                0x2000224c                e15_last_sof
 .bss.errno     0x20002250        0x4 C:/Users/carlo/.pico-sdk/toolchain/13_3_Rel1/bin/../lib/gcc/arm-none-eabi/13.3.1/thumb/v6-m/nofp\libg.a(libc_a-reent.o)
                0x20002250                errno
 .bss.filter    0x20002254        0x4 CMakeFiles/Menu_oled.dir/C_/Users/carlo/.pico-sdk/sdk/2.1.0/src/rp2_common/pico_stdio/stdio.c.obj
 .bss.heap_end.0
                0x20002258        0x4 CMakeFiles/Menu_oled.dir/C_/Users/carlo/.pico-sdk/sdk/2.1.0/src/rp2_common/pico_clib_interface/newlib_interface.c.obj
 .bss.hw_endpoints
                0x2000225c      0x400 CMakeFiles/Menu_oled.dir/C_/Users/carlo/.pico-sdk/sdk/2.1.0/lib/tinyusb/src/portable/raspberrypi/rp2040/dcd_rp2040.c.obj
 .bss.lazy_vsnprintf
                0x2000265c        0x4 CMakeFiles/Menu_oled.dir/C_/Users/carlo/.pico-sdk/sdk/2.1.0/src/rp2_common/pico_printf/printf.c.obj
 .bss.load_value
                0x20002660        0x4 CMakeFiles/Menu_oled.dir/C_/Users/carlo/.pico-sdk/sdk/2.1.0/src/rp2_common/hardware_watchdog/watchdog.c.obj
 .bss.next_buffer_ptr
                0x20002664        0x4 CMakeFiles/Menu_oled.dir/C_/Users/carlo/.pico-sdk/sdk/2.1.0/lib/tinyusb/src/portable/raspberrypi/rp2040/dcd_rp2040.c.obj
 .bss.object.0  0x20002668       0x18 C:/Users/carlo/.pico-sdk/toolchain/13_3_Rel1/bin/../lib/gcc/arm-none-eabi/13.3.1/thumb/v6-m/nofp/crtbegin.o
 .bss.one_shot_timer_crit_sec
                0x20002680        0x8 CMakeFiles/Menu_oled.dir/C_/Users/carlo/.pico-sdk/sdk/2.1.0/src/rp2_common/pico_stdio_usb/stdio_usb.c.obj